### Starting TaskPrologue of job 4196113 on a0227 at Mon Sep  7 15:45:39 CEST 2026
Running on cores 0-15 with governor performance
Mon Sep  7 15:45:39 2026       
+-----------------------------------------------------------------------------------------+
| NVIDIA-SMI 610.57.04              KMD Version: 610.57.04     CUDA UMD Version: 13.3     |
+-----------------------------------------+------------------------+----------------------+
| GPU  Name                 Persistence-M | Bus-Id          Disp.A | Volatile Uncorr. ECC |
| Fan  Temp   Perf          Pwr:Usage/Cap |           Memory-Usage | GPU-Util  Compute M. |
|                                         |                        |               MIG M. |
|=========================================+========================+======================|
|   0  NVIDIA A40                     On  |   00000000:01:00.0 Off |                  Off |
|  0%   39C    P8             23W /  300W |       0MiB /  49140MiB |      0%      Default |
|                                         |                        |                  N/A |
+-----------------------------------------+------------------------+----------------------+

+-----------------------------------------------------------------------------------------+
| Processes:                                                                              |
|  GPU   GI   CI              PID   Type   Process name                        GPU Memory |
|        ID   ID                                                               Usage      |
|=========================================================================================|
|  No running processes found                                                             |
+-----------------------------------------------------------------------------------------+
### Finished TaskPrologue

[protocol] family=gridsfm model_seed=41 split_seed=42 epochs=40
=== JOB_STATISTICS ===
=== current date     : Mon Sep  7 15:45:44 CEST 2026
= Job-ID             : 4196113 on alex as 4196111_0
= Job-Name           : gb_seedrep
= Job-Command        : /home/hpc/b313dc/b313dc11/PIGNN-Attn-LS/PIGNN-Attn-LS-PPC/sbatch/gbnetwork_model_seed_replicates_a40_20260907.sh
= Initial workdir    : /home/hpc/b313dc/b313dc11/PIGNN-Attn-LS/PIGNN-Attn-LS-PPC
= Queue/Partition    : a40
= Slurm account      : b313dc with QOS=normal
= Requested resources:  for 1-00:00:00
= Elapsed runtime    : 00:00:08
= Total RAM usage    : 0.1 GiB of assigned  GiB (%)
= Node list          : a0227
= Subm/Elig/Start/End: 2026-09-07T15:45:23 / 2026-09-07T15:45:23 / 2026-09-07T15:45:33 / 2026-09-07T15:45:41
======================
=== Quota infos ======
    Path                 Used     SoftQ    HardQ    Gracetime  Filec    FileQ    FiHaQ    FileGrace    
    /home/hpc              85.4G   104.9G   209.7G        N/A     125K     500K   1,000K        N/A    
    /home/vault           726.9G  1048.6G  2097.2G        N/A      60K     200K     400K        N/A    
    /home/atuin          4506.8M     0.0K     0.0K        N/A       3                           N/A    
======================
=== GPU utilization ==
gpu_name, gpu_bus_id, pid, gpu_utilization [%], mem_utilization [%], max_memory_usage [MiB], time [ms]
