### Starting TaskPrologue of job 4214905 on a0703 at Fri Sep 11 10:47:14 CEST 2026
Running on cores 32-47 with governor schedutil
Fri Sep 11 10:47:14 2026       
+-----------------------------------------------------------------------------------------+
| NVIDIA-SMI 610.57.04              KMD Version: 610.57.04     CUDA UMD Version: 13.3     |
+-----------------------------------------+------------------------+----------------------+
| GPU  Name                 Persistence-M | Bus-Id          Disp.A | Volatile Uncorr. ECC |
| Fan  Temp   Perf          Pwr:Usage/Cap |           Memory-Usage | GPU-Util  Compute M. |
|                                         |                        |               MIG M. |
|=========================================+========================+======================|
|   0  NVIDIA A100-SXM4-40GB          On  |   00000000:49:00.0 Off |                    0 |
| N/A   31C    P0             53W /  400W |       0MiB /  40960MiB |      0%      Default |
|                                         |                        |             Disabled |
+-----------------------------------------+------------------------+----------------------+

+-----------------------------------------------------------------------------------------+
| Processes:                                                                              |
|  GPU   GI   CI              PID   Type   Process name                        GPU Memory |
|        ID   ID                                                               Usage      |
|=========================================================================================|
|  No running processes found                                                             |
+-----------------------------------------------------------------------------------------+
### Finished TaskPrologue

[checkpoint] /home/hpc/b313dc/b313dc11/PIGNN-Attn-LS/PIGNN-Attn-LS-PPC/results/graphkit_e120_fullstate_csp_k16_alex_20260911/ckpt/k06_s41_e120_best.pt
[protocol] Helma-836267 reproduction; seed-42 split; train-only calibration/bases; k=16; complex128 PB
[projection] full state only; no restore_known; no unknown-only restriction
Indexing parquet lazily from /tmp/4214905.alex/GBnetwork.parquet ...
[Dataset] /tmp/4214905.alex/GBnetwork.parquet
[Dataset]   parquet S_base = 1.000e+08 VA (= 100 MVA)
[Dataset]   per-unit S_base matches target (100 MVA); no rebase
Indexed 37022 valid rows from /tmp/4214905.alex/GBnetwork.parquet across 1852 row groups (removed 0 diverged rows)
Final combined dataset shape: (37022, streamed rows) | removed 0 diverged rows total
[graphkit] checkpoint missing=0 unexpected=0
[Dataset]   share_ybus=True: cached shared Ybus from first row (N=2224, |Y|_pu max=2.048e+05); subsequent rows will skip dense Y reconstruction
[Dataset]   share_grid=True: cached 21 grid-only tensors from first row (Ybus + Branch_y_* + topology + vn_kv + ...); subsequent rows skip parquet decode + per-unit math for these fields
[debias] per-bus offset fitted on 12339 training scenarios; rms dvm 4.82541e-03 pu
[manifold] 12339 train scenarios, 2224 buses; k=16 captures 98.801% of |V| and 99.684% of theta variance
[graphkit] evaluated 25/772 batches
[graphkit] evaluated 50/772 batches
[graphkit] evaluated 75/772 batches
[graphkit] evaluated 100/772 batches
[graphkit] evaluated 125/772 batches
[graphkit] evaluated 150/772 batches
[graphkit] evaluated 175/772 batches
[graphkit] evaluated 200/772 batches
[graphkit] evaluated 225/772 batches
[graphkit] evaluated 250/772 batches
[graphkit] evaluated 275/772 batches
[graphkit] evaluated 300/772 batches
[graphkit] evaluated 325/772 batches
[graphkit] evaluated 350/772 batches
[graphkit] evaluated 375/772 batches
[graphkit] evaluated 400/772 batches
[graphkit] evaluated 425/772 batches
[graphkit] evaluated 450/772 batches
[graphkit] evaluated 475/772 batches
[graphkit] evaluated 500/772 batches
[graphkit] evaluated 525/772 batches
[graphkit] evaluated 550/772 batches
[graphkit] evaluated 575/772 batches
[graphkit] evaluated 600/772 batches
[graphkit] evaluated 625/772 batches
[graphkit] evaluated 650/772 batches
[graphkit] evaluated 675/772 batches
[graphkit] evaluated 700/772 batches
[graphkit] evaluated 725/772 batches
[graphkit] evaluated 750/772 batches
=== JOB_STATISTICS ===
=== current date     : Fri Sep 11 11:00:17 CEST 2026
= Job-ID             : 4214905 on alex as 4214903_0
= Job-Name           : gk_e120_a100
= Job-Command        : /home/hpc/b313dc/b313dc11/PIGNN-Attn-LS/PIGNN-Attn-LS-PPC/sbatch/score_graphkit_e120_fullstate_k16_alex2_a100_20260911.sh
= Initial workdir    : /home/hpc/b313dc/b313dc11
= Queue/Partition    : a100
= Slurm account      : b313dc with QOS=normal
= Features           : a100_40
= Requested resources:  for 03:00:00
= Elapsed runtime    : 00:13:05
= Total RAM usage    : 7.0 GiB of assigned  GiB (%)
= Node list          : a0703
= Subm/Elig/Start/End: 2026-09-11T10:46:52 / 2026-09-11T10:46:53 / 2026-09-11T10:47:12 / 2026-09-11T11:00:17
======================
=== Quota infos ======
    Path                 Used     SoftQ    HardQ    Gracetime  Filec    FileQ    FiHaQ    FileGrace    
!!! /home/hpc             133.1G   104.9G   209.7G  -28997days     127K     500K   1,000K        N/A !!!
    /home/atuin          4506.8M     0.0K     0.0K        N/A       3                           N/A    
    /home/vault           726.9G  1048.6G  2097.2G        N/A      60K     200K     400K        N/A    
======================
=== GPU utilization ==
gpu_name, gpu_bus_id, pid, gpu_utilization [%], mem_utilization [%], max_memory_usage [MiB], time [ms]
NVIDIA A100-SXM4-40GB, 00000000:49:00.0, 1031666, 33 %, 15 %, 2298 MiB, 740864 ms
