### Starting TaskPrologue of job 843683 on h11-11 at Sat Sep 12 21:19:28 CEST 2026
Running on cores 32-63 with governor ondemand
Sat Sep 12 21:19:28 2026       
+-----------------------------------------------------------------------------------------+
| NVIDIA-SMI 610.57.04              KMD Version: 610.57.04     CUDA UMD Version: 13.3     |
+-----------------------------------------+------------------------+----------------------+
| GPU  Name                 Persistence-M | Bus-Id          Disp.A | Volatile Uncorr. ECC |
| Fan  Temp   Perf          Pwr:Usage/Cap |           Memory-Usage | GPU-Util  Compute M. |
|                                         |                        |               MIG M. |
|=========================================+========================+======================|
|   0  NVIDIA H100                    On  |   00000000:26:00.0 Off |                    0 |
| N/A   35C    P0             68W /  500W |       0MiB /  95830MiB |      0%      Default |
|                                         |                        |             Disabled |
+-----------------------------------------+------------------------+----------------------+

+-----------------------------------------------------------------------------------------+
| Processes:                                                                              |
|  GPU   GI   CI              PID   Type   Process name                        GPU Memory |
|        ID   ID                                                               Usage      |
|=========================================================================================|
|  No running processes found                                                             |
+-----------------------------------------------------------------------------------------+
### Finished TaskPrologue

[protocol] GraphKit E120 seed 42; test split; train-only calibration/SVD; k=16; per-scenario fixed magnitude-error norm; calibrated angle fixed
Indexing parquet lazily from /home/hpc/b313dc/b313dc11/data_staging/controlled_geometry_20260905/GBnetwork.parquet ...
[Dataset] /home/hpc/b313dc/b313dc11/data_staging/controlled_geometry_20260905/GBnetwork.parquet
[Dataset]   parquet S_base = 1.000e+08 VA (= 100 MVA)
[Dataset]   per-unit S_base matches target (100 MVA); no rebase
Indexed 37022 valid rows from /home/hpc/b313dc/b313dc11/data_staging/controlled_geometry_20260905/GBnetwork.parquet across 1852 row groups (removed 0 diverged rows)
Final combined dataset shape: (37022, streamed rows) | removed 0 diverged rows total
[begin] graphkit
[graphkit] checkpoint missing=0 unexpected=0
[Dataset]   share_ybus=True: cached shared Ybus from first row (N=2224, |Y|_pu max=2.048e+05); subsequent rows will skip dense Y reconstruction
[Dataset]   share_grid=True: cached 21 grid-only tensors from first row (Ybus + Branch_y_* + topology + vn_kv + ...); subsequent rows skip parquet decode + per-unit math for these fields
[debias] per-bus offset fitted on 12339 training scenarios; rms dvm 3.69538e-03 pu
[manifold] 12339 train scenarios, 2224 buses; k=16 captures 98.801% of |V| and 99.684% of theta variance
[graphkit] evaluated batch 25/772
[graphkit] evaluated batch 50/772
[graphkit] evaluated batch 75/772
[graphkit] evaluated batch 100/772
[graphkit] evaluated batch 125/772
[graphkit] evaluated batch 150/772
[graphkit] evaluated batch 175/772
[graphkit] evaluated batch 200/772
[graphkit] evaluated batch 225/772
[graphkit] evaluated batch 250/772
[graphkit] evaluated batch 275/772
[graphkit] evaluated batch 300/772
[graphkit] evaluated batch 325/772
[graphkit] evaluated batch 350/772
[graphkit] evaluated batch 375/772
[graphkit] evaluated batch 400/772
[graphkit] evaluated batch 425/772
[graphkit] evaluated batch 450/772
[graphkit] evaluated batch 475/772
[graphkit] evaluated batch 500/772
[graphkit] evaluated batch 525/772
[graphkit] evaluated batch 550/772
[graphkit] evaluated batch 575/772
[graphkit] evaluated batch 600/772
[graphkit] evaluated batch 625/772
[graphkit] evaluated batch 650/772
[graphkit] evaluated batch 675/772
[graphkit] evaluated batch 700/772
[graphkit] evaluated batch 725/772
[graphkit] evaluated batch 750/772
[done] graphkit
=== JOB_STATISTICS ===
=== current date     : Sat Sep 12 21:25:52 CEST 2026
= Job-ID             : 843683 on helma
= Job-Name           : gk120_fixednorm
= Job-Command        : /home/hpc/b313dc/b313dc11/PIGNN-Attn-LS/PIGNN-Attn-LS-PPC/sbatch/fixed_norm_directional_graphkit_e120_helma_20260912.sh
= Initial workdir    : /home/hpc/b313dc/b313dc11/PIGNN-Attn-LS/PIGNN-Attn-LS-PPC
= Queue/Partition    : h100
= Slurm account      : b313dc with QOS=normal
= Requested resources: cpu=32,mem=175G,node=1,billing=32,gres/gpu=1,gres/gpu:h100=1 for 06:00:00
= Elapsed runtime    : 00:06:25
= Total RAM usage    : 5.5 GiB of assigned 175 GiB (3.1%)
= Node list          : h11-11
= Subm/Elig/Start/End: 2026-09-12T20:17:17 / 2026-09-12T20:17:17 / 2026-09-12T21:19:27 / 2026-09-12T21:25:52
======================
=== Quota infos ======
    Path                 Used     SoftQ    HardQ    Gracetime  Filec    FileQ    FiHaQ    FileGrace    
    /home/hpc              80.1G   104.9G   209.7G        N/A     127K     500K   1,000K        N/A    
======================
=== GPU utilization ==
gpu_name, gpu_bus_id, pid, gpu_utilization [%], mem_utilization [%], max_memory_usage [MiB], time [ms]
NVIDIA H100, 00000000:26:00.0, 1440470, 36 %, 25 %, 2510 MiB, 374148 ms
