### Starting TaskPrologue of job 4210890 on a0323 at Thu Sep 10 15:53:37 CEST 2026
Running on cores 32-47 with governor schedutil
Thu Sep 10 15:53:37 2026       
+-----------------------------------------------------------------------------------------+
| NVIDIA-SMI 610.57.04              KMD Version: 610.57.04     CUDA UMD Version: 13.3     |
+-----------------------------------------+------------------------+----------------------+
| GPU  Name                 Persistence-M | Bus-Id          Disp.A | Volatile Uncorr. ECC |
| Fan  Temp   Perf          Pwr:Usage/Cap |           Memory-Usage | GPU-Util  Compute M. |
|                                         |                        |               MIG M. |
|=========================================+========================+======================|
|   0  NVIDIA A40                     On  |   00000000:41:00.0 Off |                  Off |
|  0%   35C    P8             22W /  300W |       0MiB /  49140MiB |      0%      Default |
|                                         |                        |                  N/A |
+-----------------------------------------+------------------------+----------------------+

+-----------------------------------------------------------------------------------------+
| Processes:                                                                              |
|  GPU   GI   CI              PID   Type   Process name                        GPU Memory |
|        ID   ID                                                               Usage      |
|=========================================================================================|
|  No running processes found                                                             |
+-----------------------------------------------------------------------------------------+
### Finished TaskPrologue

Indexing parquet lazily from /tmp/4210890.alex/GBnetwork.parquet ...
[Dataset] /tmp/4210890.alex/GBnetwork.parquet
[Dataset]   parquet S_base = 1.000e+08 VA (= 100 MVA)
[Dataset]   per-unit S_base matches target (100 MVA); no rebase
Indexed 37022 valid rows from /tmp/4210890.alex/GBnetwork.parquet across 1852 row groups (removed 0 diverged rows)
Final combined dataset shape: (37022, streamed rows) | removed 0 diverged rows total
[Dataset]   share_ybus=True: cached shared Ybus from first row (N=2224, |Y|_pu max=2.048e+05); subsequent rows will skip dense Y reconstruction
[Dataset]   share_grid=True: cached 21 grid-only tensors from first row (Ybus + Branch_y_* + topology + vn_kv + ...); subsequent rows skip parquet decode + per-unit math for these fields
[manifold] 12339 train scenarios, 2224 buses; k=16 captures 98.801% of |V| and 99.684% of theta variance
[debias] per-bus offset fitted on 12339 training scenarios; rms dvm 2.56832e-02 pu
[GridSFM] checkpoint missing=0 unexpected=0
[debias] per-bus offset fitted on 12339 training scenarios; rms dvm 2.95895e-02 pu
[reproduce] 16/128
[reproduce] 32/128
[reproduce] 48/128
[reproduce] 64/128
[reproduce] 80/128
[reproduce] 96/128
[reproduce] 112/128
[reproduce] 128/128
{
  "protocol": {
    "source": "jacobian_subspace_alignment.py frozen protocol",
    "rank": 16,
    "scenarios": 128,
    "directions_per_scenario": 32,
    "seed": 20260909,
    "state": "[theta(non-slack, radians), |V|(PQ)]",
    "residual": "[DeltaP(non-slack), DeltaQ(PQ)]",
    "jacobian": "analytic complex128 JVP",
    "random_direction": "iid N(0,I), unit-normalized before P; Pq and (I-P)q unit-normalized for gain",
    "basis": "separate train-only magnitude/angle SVD, restricted to unknown coordinates then QR orthonormalized",
    "gauge": "same circular wrapped angle convention as manifold basis; no degrees inside J",
    "tolerance": 2.220446049250313e-16
  },
  "dimensions": {
    "buses": 2224,
    "state": 4069,
    "subspace_ranks": {
      "angle": 16,
      "magnitude": 16,
      "combined": 32
    }
  },
  "basis_explained_variance": {
    "magnitude": 0.9880053751661676,
    "angle": 0.9968392019907943
  },
  "selected_test_indices": [
    33868,
    13658,
    26877,
    7343,
    29502,
    3472,
    20307,
    26043,
    29381,
    5380,
    1179,
    21055,
    35171,
    881,
    27804,
    32110,
    19430,
    8617,
    9312,
    26514,
    22704,
    36690,
    19216,
    32120,
    24008,
    33099,
    35234,
    27523,
    28593,
    5806,
    6740,
    7484,
    20433,
    10627,
    683,
    23199,
    19498,
    7649,
    3611,
    9627,
    7586,
    26058,
    2604,
    12960,
    20545,
    25812,
    5674,
    8052,
    11147,
    18549,
    9178,
    33585,
    20344,
    4408,
    26684,
    22535,
    2348,
    17733,
    28005,
    35836,
    410,
    570,
    14739,
    34056,
    35442,
    10706,
    29989,
    28056,
    9630,
    16456,
    22504,
    5216,
    31018,
    36383,
    3041,
    30383,
    32168,
    1219,
    27377,
    30447,
    14084,
    27123,
    18506,
    7644,
    34280,
    22469,
    14922,
    33124,
    23925,
    30609,
    16396,
    17952,
    17177,
    3228,
    29901,
    36949,
    10562,
    6122,
    11209,
    13197,
    5350,
    13143,
    36700,
    11684,
    7504,
    15065,
    12396,
    10056,
    4140,
    35737,
    12505,
    8252,
    23016,
    14008,
    6803,
    36117,
    27422,
    30306,
    2342,
    30411,
    32787,
    26430,
    16700,
    17201,
    19122,
    22372,
    22457,
    7790
  ],
  "random_direction": {
    "summary": {
      "gain_parallel": {
        "mean": 9.602029271571048,
        "std": 2.1981667162752987,
        "median": 9.183229332841888,
        "p05": 6.7719181715597365,
        "p25": 8.016473040801875,
        "p75": 10.809518919507742,
        "p95": 13.830900181114437,
        "min": 4.686975824237219,
        "max": 20.232844040914017,
        "n": 4096
      },
      "gain_perp": {
        "mean": 14889.860605930211,
        "std": 3389.4944337295647,
        "median": 14429.956102388376,
        "p05": 10098.084231364452,
        "p25": 12485.580617148808,
        "p75": 16913.62922594379,
        "p95": 21149.336743330907,
        "min": 7068.825021614178,
        "max": 31236.40278362484,
        "n": 4096
      },
      "raw_jp": {
        "mean": 0.8461786617872928,
        "std": 0.22158385204493142,
        "median": 0.8121487377377856,
        "p05": 0.5514642778785799,
        "p25": 0.6875107260597106,
        "p75": 0.968503241327653,
        "p95": 1.2677479878447093,
        "min": 0.37295907769365916,
        "max": 2.0356421596344725,
        "n": 4096
      },
      "raw_jperp": {
        "mean": 14831.064366747558,
        "std": 3376.620208797125,
        "median": 14367.5323874998,
        "p05": 10066.053058733736,
        "p25": 12444.825351565665,
        "p75": 16851.687624406295,
        "p95": 21064.31207961007,
        "min": 7039.0879402739665,
        "max": 31074.039153819966,
        "n": 4096
      },
      "norm_parallel": {
        "mean": 0.08815147460201739,
        "std": 0.01114358097926574,
        "median": 0.08786225125099992,
        "p05": 0.07003077575415252,
        "p25": 0.08066273513155767,
        "p75": 0.09561524134476465,
        "p95": 0.10712416640030435,
        "min": 0.05286802122841462,
        "max": 0.1302828415396629,
        "n": 4096
      },
      "norm_perp": {
        "mean": 0.9960442651752812,
        "std": 0.0009952381318149078,
        "median": 0.9961326341427272,
        "p05": 0.9942456501753244,
        "p25": 0.9954183671303595,
        "p75": 0.9967414525145811,
        "p95": 0.9975448309387962,
        "min": 0.9914768687167397,
        "max": 0.9986015082761451,
        "n": 4096
      }
    },
    "R1_ratio_of_pooled_medians": 1571.337879016336,
    "R2_median_paired_ratio": 1562.5632758034476
  },
  "actual_calibrated_error": {
    "PIGNN-GC": {
      "gain_parallel": {
        "n": 128,
        "p05": 1.7919940759771082,
        "p25": 2.8526888071731076,
        "median": 4.98093341739429,
        "p75": 5.914420239420847,
        "p95": 6.594510821231155,
        "mean": 4.463757136517354,
        "std": 1.7013620198338013
      },
      "gain_perp": {
        "n": 128,
        "p05": 54.80501741511336,
        "p25": 73.90861887755327,
        "median": 113.6074483269608,
        "p75": 150.47308675638436,
        "p95": 211.83091453925152,
        "mean": 118.06876429926504,
        "std": 52.6074655049183
      },
      "ratio_of_medians": 22.808465563949067,
      "excluded_parallel": 0,
      "excluded_perp": 0,
      "linearization": {
        "n": 128,
        "excluded": 0,
        "ratio": {
          "n": 128,
          "p05": 0.9878022357075065,
          "p25": 0.9984086166751596,
          "median": 1.0003424225684938,
          "p75": 1.0022512526415535,
          "p95": 1.007356229783474,
          "mean": 0.9995928289385282,
          "std": 0.005831203338806891
        },
        "correlation": 0.9999347115717568
      }
    },
    "GridSFM": {
      "gain_parallel": {
        "n": 128,
        "p05": 0.8492210931752561,
        "p25": 1.6578353544467817,
        "median": 2.3347760079458766,
        "p75": 3.689135511773552,
        "p95": 5.135216506447098,
        "mean": 2.7217497046633414,
        "std": 1.3920726292825345
      },
      "gain_perp": {
        "n": 128,
        "p05": 310.40175367113903,
        "p25": 1174.9769881776956,
        "median": 1344.4257253200735,
        "p75": 1395.4929279189068,
        "p95": 1428.7199154482319,
        "mean": 1189.8959406738998,
        "std": 350.7484983734673
      },
      "ratio_of_medians": 575.8264264942881,
      "excluded_parallel": 0,
      "excluded_perp": 0,
      "linearization": {
        "n": 128,
        "excluded": 0,
        "ratio": {
          "n": 128,
          "p05": 0.9772101533409513,
          "p25": 0.985987250950662,
          "median": 0.9957018517265139,
          "p75": 1.0149369968725166,
          "p95": 1.0287715993458304,
          "mean": 0.999400539824474,
          "std": 0.01681089627158964
        },
        "correlation": 0.9989924472675088
      }
    }
  }
}
=== JOB_STATISTICS ===
=== current date     : Thu Sep 10 16:28:16 CEST 2026
= Job-ID             : 4210890 on alex
= Job-Name           : jac_repro_audit
= Job-Command        : /home/hpc/b313dc/b313dc11/PIGNN-Attn-LS/PIGNN-Attn-LS-PPC/overlays/jacobian_reproducibility_gbnetwork_20260910/sbatch/jacobian_reproducibility_gbnetwork_helma_20260910.sh
= Initial workdir    : /home/hpc/b313dc/b313dc11
= Queue/Partition    : a40
= Slurm account      : b313dc with QOS=normal
= Requested resources:  for 06:00:00
= Elapsed runtime    : 00:34:40
= Total RAM usage    : 8.8 GiB of assigned  GiB (%)
= Node list          : a0323
= Subm/Elig/Start/End: 2026-09-10T15:33:07 / 2026-09-10T15:33:07 / 2026-09-10T15:53:36 / 2026-09-10T16:28:16
======================
=== Quota infos ======
    Path                 Used     SoftQ    HardQ    Gracetime  Filec    FileQ    FiHaQ    FileGrace    
!!! /home/hpc             128.7G   104.9G   209.7G  -28997days     126K     500K   1,000K        N/A !!!
    /home/vault           726.9G  1048.6G  2097.2G        N/A      60K     200K     400K        N/A    
    /home/atuin          4506.8M     0.0K     0.0K        N/A       3                           N/A    
======================
=== GPU utilization ==
gpu_name, gpu_bus_id, pid, gpu_utilization [%], mem_utilization [%], max_memory_usage [MiB], time [ms]
NVIDIA A40, 00000000:41:00.0, 187265, 30 %, 17 %, 1954 MiB, 2043736 ms
