### Starting TaskPrologue of job 843664 on h11-11 at Sat Sep 12 21:19:17 CEST 2026
Running on cores 0-31 with governor performance
Sat Sep 12 21:19:17 2026       
+-----------------------------------------------------------------------------------------+
| NVIDIA-SMI 610.57.04              KMD Version: 610.57.04     CUDA UMD Version: 13.3     |
+-----------------------------------------+------------------------+----------------------+
| GPU  Name                 Persistence-M | Bus-Id          Disp.A | Volatile Uncorr. ECC |
| Fan  Temp   Perf          Pwr:Usage/Cap |           Memory-Usage | GPU-Util  Compute M. |
|                                         |                        |               MIG M. |
|=========================================+========================+======================|
|   0  NVIDIA H100                    On  |   00000000:06:00.0 Off |                    0 |
| N/A   35C    P0             67W /  500W |       0MiB /  95830MiB |      0%      Default |
|                                         |                        |             Disabled |
+-----------------------------------------+------------------------+----------------------+

+-----------------------------------------------------------------------------------------+
| Processes:                                                                              |
|  GPU   GI   CI              PID   Type   Process name                        GPU Memory |
|        ID   ID                                                               Usage      |
|=========================================================================================|
|  No running processes found                                                             |
+-----------------------------------------------------------------------------------------+
### Finished TaskPrologue

[task] GraphKit E120 seed=43 checkpoint=/home/hpc/b313dc/b313dc11/PIGNN-Attn-LS/PIGNN-Attn-LS-PPC/results/ckpt/gk_e120_20260910/k07_s43_e120_best.pt
[protocol] seed-42 split; train-only calibration/bases; k=16; full-state; no restore_known; complex128 PB
Indexing parquet lazily from /home/hpc/b313dc/b313dc11/data_staging/controlled_geometry_20260905/GBnetwork.parquet ...
[Dataset] /home/hpc/b313dc/b313dc11/data_staging/controlled_geometry_20260905/GBnetwork.parquet
[Dataset]   parquet S_base = 1.000e+08 VA (= 100 MVA)
[Dataset]   per-unit S_base matches target (100 MVA); no rebase
Indexed 37022 valid rows from /home/hpc/b313dc/b313dc11/data_staging/controlled_geometry_20260905/GBnetwork.parquet across 1852 row groups (removed 0 diverged rows)
Final combined dataset shape: (37022, streamed rows) | removed 0 diverged rows total
[graphkit] checkpoint missing=0 unexpected=0
[Dataset]   share_ybus=True: cached shared Ybus from first row (N=2224, |Y|_pu max=2.048e+05); subsequent rows will skip dense Y reconstruction
[Dataset]   share_grid=True: cached 21 grid-only tensors from first row (Ybus + Branch_y_* + topology + vn_kv + ...); subsequent rows skip parquet decode + per-unit math for these fields
[debias] per-bus offset fitted on 12339 training scenarios; rms dvm 5.79423e-03 pu
[manifold] 12339 train scenarios, 2224 buses; k=16 captures 98.801% of |V| and 99.684% of theta variance
[graphkit] 25/772 test batches
[graphkit] 50/772 test batches
[graphkit] 75/772 test batches
[graphkit] 100/772 test batches
[graphkit] 125/772 test batches
[graphkit] 150/772 test batches
[graphkit] 175/772 test batches
[graphkit] 200/772 test batches
[graphkit] 225/772 test batches
[graphkit] 250/772 test batches
[graphkit] 275/772 test batches
[graphkit] 300/772 test batches
[graphkit] 325/772 test batches
[graphkit] 350/772 test batches
[graphkit] 375/772 test batches
[graphkit] 400/772 test batches
[graphkit] 425/772 test batches
[graphkit] 450/772 test batches
[graphkit] 475/772 test batches
[graphkit] 500/772 test batches
[graphkit] 525/772 test batches
[graphkit] 550/772 test batches
[graphkit] 575/772 test batches
[graphkit] 600/772 test batches
[graphkit] 625/772 test batches
[graphkit] 650/772 test batches
[graphkit] 675/772 test batches
[graphkit] 700/772 test batches
[graphkit] 725/772 test batches
[graphkit] 750/772 test batches
=== JOB_STATISTICS ===
=== current date     : Sat Sep 12 21:38:31 CEST 2026
= Job-ID             : 843664 on helma as 843664_2
= Job-Name           : gk120_blocks
= Job-Command        : /home/hpc/b313dc/b313dc11/PIGNN-Attn-LS/PIGNN-Attn-LS-PPC/sbatch/csp_projection_block_ablation_graphkit_e120_norestore_helma_20260912.sh
= Initial workdir    : /home/hpc/b313dc/b313dc11/PIGNN-Attn-LS/PIGNN-Attn-LS-PPC
= Queue/Partition    : h100
= Slurm account      : b313dc with QOS=normal
= Requested resources: cpu=32,mem=175G,node=1,billing=32,gres/gpu=1,gres/gpu:h100=1 for 06:00:00
= Elapsed runtime    : 00:19:17
= Total RAM usage    : 8.9 GiB of assigned 175 GiB (5.1%)
= Node list          : h11-11
= Subm/Elig/Start/End: 2026-09-12T20:13:59 / 2026-09-12T20:13:59 / 2026-09-12T21:19:14 / 2026-09-12T21:38:31
======================
=== Quota infos ======
    Path                 Used     SoftQ    HardQ    Gracetime  Filec    FileQ    FiHaQ    FileGrace    
    /home/hpc              80.2G   104.9G   209.7G        N/A     127K     500K   1,000K        N/A    
======================
=== GPU utilization ==
gpu_name, gpu_bus_id, pid, gpu_utilization [%], mem_utilization [%], max_memory_usage [MiB], time [ms]
NVIDIA H100, 00000000:06:00.0, 1440163, 11 %, 8 %, 2510 MiB, 1144873 ms
