### Starting TaskPrologue of job 832378 on h13-13 at Thu Sep 10 15:13:45 CEST 2026
Running on cores 0-31 with governor performance
Thu Sep 10 15:13:45 2026       
+-----------------------------------------------------------------------------------------+
| NVIDIA-SMI 595.91.07              Driver Version: 595.91.07      CUDA Version: 13.2     |
+-----------------------------------------+------------------------+----------------------+
| GPU  Name                 Persistence-M | Bus-Id          Disp.A | Volatile Uncorr. ECC |
| Fan  Temp   Perf          Pwr:Usage/Cap |           Memory-Usage | GPU-Util  Compute M. |
|                                         |                        |               MIG M. |
|=========================================+========================+======================|
|   0  NVIDIA H100                    On  |   00000000:06:00.0 Off |                    0 |
| N/A   37C    P0             69W /  500W |       0MiB /  95830MiB |      0%      Default |
|                                         |                        |             Disabled |
+-----------------------------------------+------------------------+----------------------+

+-----------------------------------------------------------------------------------------+
| Processes:                                                                              |
|  GPU   GI   CI              PID   Type   Process name                        GPU Memory |
|        ID   ID                                                               Usage      |
|=========================================================================================|
|  No running processes found                                                             |
+-----------------------------------------------------------------------------------------+
### Finished TaskPrologue

Indexing parquet lazily from /tmp/832378.helma/GBnetwork.parquet ...
[Dataset] /tmp/832378.helma/GBnetwork.parquet
[Dataset]   parquet S_base = 1.000e+08 VA (= 100 MVA)
[Dataset]   per-unit S_base matches target (100 MVA); no rebase
Indexed 37022 valid rows from /tmp/832378.helma/GBnetwork.parquet across 1852 row groups (removed 0 diverged rows)
Final combined dataset shape: (37022, streamed rows) | removed 0 diverged rows total
[Dataset]   share_ybus=True: cached shared Ybus from first row (N=2224, |Y|_pu max=2.048e+05); subsequent rows will skip dense Y reconstruction
[Dataset]   share_grid=True: cached 21 grid-only tensors from first row (Ybus + Branch_y_* + topology + vn_kv + ...); subsequent rows skip parquet decode + per-unit math for these fields
[manifold] 12339 train scenarios, 2224 buses; k=16 captures 98.801% of |V| and 99.684% of theta variance
[debias] per-bus offset fitted on 12339 training scenarios; rms dvm 2.56931e-02 pu
[GridSFM] checkpoint missing=0 unexpected=0
[debias] per-bus offset fitted on 12339 training scenarios; rms dvm 2.95890e-02 pu
[diagnostic] 50/772 test batches
[diagnostic] 100/772 test batches
[diagnostic] 150/772 test batches
[diagnostic] 200/772 test batches
[diagnostic] 250/772 test batches
[diagnostic] 300/772 test batches
[diagnostic] 350/772 test batches
[diagnostic] 400/772 test batches
[diagnostic] 450/772 test batches
[diagnostic] 500/772 test batches
[diagnostic] 550/772 test batches
[diagnostic] 600/772 test batches
[diagnostic] 650/772 test batches
[diagnostic] 700/772 test batches
[diagnostic] 750/772 test batches
{
  "protocol": {
    "split": "controlled_error_geometry.split_dataset: random_split seed=42; sorted membership order",
    "basis": "diagnose_residual_distributions.manifold_basis -> manifold_projection.fit_basis; train NR only; circular angle mean/wrap; k=16",
    "calibration": "diagnose_residual_distributions.fit_per_bus_offset + controlled_error_geometry.calibrated_forward; train only; circular angle offset",
    "csp": "manifold_projection.project_state then output_intervention_metrics._restore_known_setpoints, matching restore_known paper rows",
    "pb": "controlled_error_geometry.pb_per_scenario; final complex128 voltage; GENCO structural-zero PB",
    "oracle_floor": "pure project_state(reference), as requested; operational restore_known oracle PB additionally reported",
    "no_clipping": true,
    "known_state_restoration_after_csp": "PV/slack magnitude and slack angle restored from V_start",
    "rank_requested": 16,
    "rank_actual_magnitude": 16,
    "rank_actual_angle": 16,
    "test_scenarios": 12344
  },
  "reference": {
    "training_explained_variance": {
      "magnitude": 0.9880053751661676,
      "angle": 0.9968392019907943
    },
    "test_reference_retained_variance": {
      "magnitude": 0.9878940592596026,
      "angle": 0.9968251315392486
    },
    "oracle_pure_reference_projection": {
      "vmag_rmse": 0.00257593046740752,
      "angle_rmse_deg": 0.3857722189492722,
      "mean_pb": 0.041537553487076655,
      "max_pb": 5.970846736512017
    },
    "oracle_restore_known_reference_projection": {
      "mean_pb": 0.04153755348707658,
      "max_pb": 5.970846736512017,
      "restoration_change_vmag_rmse": 1.0688060938893328e-16,
      "restoration_change_angle_rmse_deg": 0.0
    }
  },
  "models": {
    "PIGNN-GC": {
      "off_error_fraction_calibrated": {
        "magnitude": 0.21238102208471796,
        "angle": 0.07140976502143928
      },
      "removed_error_energy_calibrated": {
        "magnitude": 1177.1098364976558,
        "angle": 338.5148726736306
      },
      "identity_check": {
        "magnitude": {
          "calibrated_error_energy": 5542.443599447936,
          "csp_pure_error_energy": 4547.496258653601,
          "csp_operational_error_energy": 4547.496258653601,
          "reference_off_subspace_energy": 182.162495703322,
          "calibrated_error_off_subspace_energy": 1177.1098364976558,
          "rhs_reference_off_minus_error_off": -994.9473407943337,
          "lhs_pure_projection": -994.9473407943351,
          "lhs_operational_restore_known": -994.9473407943351,
          "pure_discrepancy": -1.3642420526593924e-12,
          "operational_discrepancy": -1.3642420526593924e-12,
          "pure_relative_discrepancy": 1.371170107927746e-15,
          "operational_relative_discrepancy": 1.371170107927746e-15,
          "max_abs_scenario_discrepancy_pure": 1.8318679906315083e-15,
          "max_abs_scenario_discrepancy_operational": 1.8318679906315083e-15
        },
        "angle": {
          "calibrated_error_energy": 4740.456330755305,
          "csp_pure_error_energy": 5646.477072981636,
          "csp_operational_error_energy": 5646.477072981636,
          "reference_off_subspace_energy": 1244.5356148999438,
          "calibrated_error_off_subspace_energy": 338.5148726736306,
          "rhs_reference_off_minus_error_off": 906.0207422263131,
          "lhs_pure_projection": 906.0207422263311,
          "lhs_operational_restore_known": 906.0207422263311,
          "pure_discrepancy": 1.7962520360015333e-11,
          "operational_discrepancy": 1.7962520360015333e-11,
          "pure_relative_discrepancy": 1.9825727516874172e-14,
          "operational_relative_discrepancy": 1.9825727516874172e-14,
          "max_abs_scenario_discrepancy_pure": 4.110600748674642e-14,
          "max_abs_scenario_discrepancy_operational": 4.110600748674642e-14
        }
      }
    },
    "GridSFM": {
      "off_error_fraction_calibrated": {
        "magnitude": 0.5188315952783983,
        "angle": 0.018924535995911318
      },
      "removed_error_energy_calibrated": {
        "magnitude": 1979.5616453419516,
        "angle": 518.9860897713392
      },
      "identity_check": {
        "magnitude": {
          "calibrated_error_energy": 3815.4223130527444,
          "csp_pure_error_energy": 2018.023163414115,
          "csp_operational_error_energy": 2018.023163414115,
          "reference_off_subspace_energy": 182.162495703322,
          "calibrated_error_off_subspace_energy": 1979.5616453419516,
          "rhs_reference_off_minus_error_off": -1797.3991496386295,
          "lhs_pure_projection": -1797.3991496386293,
          "lhs_operational_restore_known": -1797.3991496386293,
          "pure_discrepancy": 2.2737367544323206e-13,
          "operational_discrepancy": 2.2737367544323206e-13,
          "pure_relative_discrepancy": 1.2650149272015955e-16,
          "operational_relative_discrepancy": 1.2650149272015955e-16,
          "max_abs_scenario_discrepancy_pure": 1.887379141862766e-15,
          "max_abs_scenario_discrepancy_operational": 1.887379141862766e-15
        },
        "angle": {
          "calibrated_error_energy": 27423.979635932268,
          "csp_pure_error_energy": 28149.529161060877,
          "csp_operational_error_energy": 28149.529161060877,
          "reference_off_subspace_energy": 1244.5356148999438,
          "calibrated_error_off_subspace_energy": 518.9860897713392,
          "rhs_reference_off_minus_error_off": 725.5495251286046,
          "lhs_pure_projection": 725.5495251286084,
          "lhs_operational_restore_known": 725.5495251286084,
          "pure_discrepancy": 3.751665644813329e-12,
          "operational_discrepancy": 3.751665644813329e-12,
          "pure_relative_discrepancy": 5.170791951312106e-15,
          "operational_relative_discrepancy": 5.170791951312106e-15,
          "max_abs_scenario_discrepancy_pure": 6.247780071078068e-14,
          "max_abs_scenario_discrepancy_operational": 6.247780071078068e-14
        }
      }
    }
  }
}
=== JOB_STATISTICS ===
=== current date     : Thu Sep 10 15:39:01 CEST 2026
= Job-ID             : 832378 on helma
= Job-Name           : csp_posthoc
= Job-Command        : /home/hpc/b313dc/b313dc11/PIGNN-Attn-LS/PIGNN-Attn-LS-PPC/overlays/csp_posthoc_diagnostics_gbnetwork_20260910/sbatch/csp_posthoc_diagnostics_gbnetwork_helma_20260910.sh
= Initial workdir    : /home/hpc/b313dc/b313dc11/PIGNN-Attn-LS/PIGNN-Attn-LS-PPC/overlays/csp_posthoc_diagnostics_gbnetwork_20260910
= Queue/Partition    : h100
= Slurm account      : b313dc with QOS=normal
= Requested resources: cpu=32,mem=175G,node=1,billing=32,gres/gpu=1,gres/gpu:h100=1 for 06:00:00
= Elapsed runtime    : 00:25:49
= Total RAM usage    : 8.7 GiB of assigned 175 GiB (5.0%)
= Node list          : h13-13
= Subm/Elig/Start/End: 2026-09-10T15:11:45 / 2026-09-10T15:11:45 / 2026-09-10T15:13:12 / 2026-09-10T15:39:01
======================
=== Quota infos ======
    Path                 Used     SoftQ    HardQ    Gracetime  Filec    FileQ    FiHaQ    FileGrace    
!!! /home/hpc             128.5G   104.9G   209.7G  -28997days     126K     500K   1,000K        N/A !!!
======================
=== GPU utilization ==
gpu_name, gpu_bus_id, pid, gpu_utilization [%], mem_utilization [%], max_memory_usage [MiB], time [ms]
NVIDIA H100, 00000000:06:00.0, 1985469, 38 %, 8 %, 2298 MiB, 1486446 ms
