### Starting TaskPrologue of job 818490 on h13-23 at Mon Sep  7 19:42:45 CEST 2026
Running on cores 64-95 with governor performance
Mon Sep  7 19:42:45 2026       
+-----------------------------------------------------------------------------------------+
| NVIDIA-SMI 595.91.07              Driver Version: 595.91.07      CUDA Version: 13.2     |
+-----------------------------------------+------------------------+----------------------+
| GPU  Name                 Persistence-M | Bus-Id          Disp.A | Volatile Uncorr. ECC |
| Fan  Temp   Perf          Pwr:Usage/Cap |           Memory-Usage | GPU-Util  Compute M. |
|                                         |                        |               MIG M. |
|=========================================+========================+======================|
|   0  NVIDIA H100                    On  |   00000000:A6:00.0 Off |                    0 |
| N/A   38C    P0             69W /  500W |       0MiB /  95830MiB |      0%      Default |
|                                         |                        |             Disabled |
+-----------------------------------------+------------------------+----------------------+

+-----------------------------------------------------------------------------------------+
| Processes:                                                                              |
|  GPU   GI   CI              PID   Type   Process name                        GPU Memory |
|        ID   ID                                                               Usage      |
|=========================================================================================|
|  No running processes found                                                             |
+-----------------------------------------------------------------------------------------+
### Finished TaskPrologue

missing parquet: /home/vault/iwi5/iwi5295h/PIGNN-Attn-LS/ScenarioSynthesis_PPC/out/case14_ppcY_backbone_dc_compile_ppNR_ls0.60-1.40_u0clean_sgenpert_pvqvstart_siNR_37000_NR_branchrows_directSI.parquet
=== JOB_STATISTICS ===
=== current date     : Mon Sep  7 19:42:45 CEST 2026
= Job-ID             : 818490 on helma as 818485_4
= Job-Name           : gsfm31csp16
= Job-Command        : /home/hpc/b313dc/b313dc11/PIGNN-Attn-LS/PIGNN-Attn-LS-PPC/sbatch/score_gridsfm_31grid_csp16_helma.sh
= Initial workdir    : /home/hpc/b313dc/b313dc11/PIGNN-Attn-LS/PIGNN-Attn-LS-PPC/sbatch
= Queue/Partition    : h100
= Slurm account      : b313dc with QOS=normal
= Requested resources: cpu=32,mem=175G,node=1,billing=32,gres/gpu=1,gres/gpu:h100=1 for 12:00:00
= Elapsed runtime    : 00:00:14
= Total RAM usage    : 0.0 GiB of assigned 175 GiB (0.0%)
= Node list          : h13-23
= Subm/Elig/Start/End: 2026-09-07T19:42:11 / 2026-09-07T19:42:11 / 2026-09-07T19:42:31 / 2026-09-07T19:42:45
======================
=== Quota infos ======
    Path                 Used     SoftQ    HardQ    Gracetime  Filec    FileQ    FiHaQ    FileGrace    
    /home/hpc              87.2G   104.9G   209.7G        N/A     125K     500K   1,000K        N/A    
======================
=== GPU utilization ==
gpu_name, gpu_bus_id, pid, gpu_utilization [%], mem_utilization [%], max_memory_usage [MiB], time [ms]
