### Starting TaskPrologue of job 4192218 on a0805 at Sun Sep  6 20:52:28 CEST 2026
Running on cores 80-95 with governor performance
Sun Sep  6 20:52:28 2026       
+-----------------------------------------------------------------------------------------+
| NVIDIA-SMI 610.57.04              KMD Version: 610.57.04     CUDA UMD Version: 13.3     |
+-----------------------------------------+------------------------+----------------------+
| GPU  Name                 Persistence-M | Bus-Id          Disp.A | Volatile Uncorr. ECC |
| Fan  Temp   Perf          Pwr:Usage/Cap |           Memory-Usage | GPU-Util  Compute M. |
|                                         |                        |               MIG M. |
|=========================================+========================+======================|
|   0  NVIDIA A100-SXM4-40GB          On  |   00000000:96:00.0 Off |                    0 |
| N/A   31C    P0             54W /  400W |       0MiB /  40960MiB |      0%      Default |
|                                         |                        |             Disabled |
+-----------------------------------------+------------------------+----------------------+

+-----------------------------------------------------------------------------------------+
| Processes:                                                                              |
|  GPU   GI   CI              PID   Type   Process name                        GPU Memory |
|        ID   ID                                                               Usage      |
|=========================================================================================|
|  No running processes found                                                             |
+-----------------------------------------------------------------------------------------+
### Finished TaskPrologue

Indexing parquet lazily from /home/hpc/b313dc/b313dc11/data_staging/controlled_geometry_20260905/GBnetwork.parquet ...
[Dataset] /home/hpc/b313dc/b313dc11/data_staging/controlled_geometry_20260905/GBnetwork.parquet
[Dataset]   parquet S_base = 1.000e+08 VA (= 100 MVA)
[Dataset]   per-unit S_base matches target (100 MVA); no rebase
Indexed 37022 valid rows from /home/hpc/b313dc/b313dc11/data_staging/controlled_geometry_20260905/GBnetwork.parquet across 1852 row groups (removed 0 diverged rows)
Final combined dataset shape: (37022, streamed rows) | removed 0 diverged rows total
[begin] lumina
[model] LUMINA HGT layers=6 hidden=128 heads=2 dropout=0.24398355775520905
[lumina] checkpoint missing=0 unexpected=0
[Dataset]   share_ybus=True: cached shared Ybus from first row (N=2224, |Y|_pu max=2.048e+05); subsequent rows will skip dense Y reconstruction
[Dataset]   share_grid=True: cached 21 grid-only tensors from first row (Ybus + Branch_y_* + topology + vn_kv + ...); subsequent rows skip parquet decode + per-unit math for these fields
[debias] per-bus offset fitted on 12339 training scenarios; rms dvm 3.78289e-02 pu
[manifold] 12339 train scenarios, 2224 buses; k=64 captures 99.471% of |V| and 99.839% of theta variance
[lumina] evaluated batch 25/772
[lumina] evaluated batch 50/772
[lumina] evaluated batch 75/772
[lumina] evaluated batch 100/772
[lumina] evaluated batch 125/772
[lumina] evaluated batch 150/772
[lumina] evaluated batch 175/772
[lumina] evaluated batch 200/772
[lumina] evaluated batch 225/772
[lumina] evaluated batch 250/772
[lumina] evaluated batch 275/772
[lumina] evaluated batch 300/772
[lumina] evaluated batch 325/772
[lumina] evaluated batch 350/772
[lumina] evaluated batch 375/772
[lumina] evaluated batch 400/772
[lumina] evaluated batch 425/772
[lumina] evaluated batch 450/772
[lumina] evaluated batch 475/772
[lumina] evaluated batch 500/772
[lumina] evaluated batch 525/772
[lumina] evaluated batch 550/772
[lumina] evaluated batch 575/772
[lumina] evaluated batch 600/772
[lumina] evaluated batch 625/772
[lumina] evaluated batch 650/772
[lumina] evaluated batch 675/772
[lumina] evaluated batch 700/772
[lumina] evaluated batch 725/772
[lumina] evaluated batch 750/772
[done] lumina
=== JOB_STATISTICS ===
=== current date     : Sun Sep  6 21:18:52 CEST 2026
= Job-ID             : 4192218 on alex as 4192218_3
= Job-Name           : cgeom_v1
= Job-Command        : /home/hpc/b313dc/b313dc11/PIGNN-Attn-LS/PIGNN-Attn-LS-PPC/sbatch/controlled_geometry_stage1_alex_20260906.sh
= Initial workdir    : /home/hpc/b313dc/b313dc11
= Queue/Partition    : a100
= Slurm account      : b313dc with QOS=normal
= Features           : a100_40
= Requested resources:  for 06:00:00
= Elapsed runtime    : 00:26:28
= Total RAM usage    : 8.4 GiB of assigned  GiB (%)
= Node list          : a0805
= Subm/Elig/Start/End: 2026-09-06T20:42:11 / 2026-09-06T20:42:12 / 2026-09-06T20:52:27 / 2026-09-06T21:18:55
======================
=== Quota infos ======
    Path                 Used     SoftQ    HardQ    Gracetime  Filec    FileQ    FiHaQ    FileGrace    
    /home/hpc              85.4G   104.9G   209.7G        N/A     125K     500K   1,000K        N/A    
    /home/vault           726.9G  1048.6G  2097.2G        N/A      60K     200K     400K        N/A    
    /home/atuin          4506.8M     0.0K     0.0K        N/A       3                           N/A    
======================
=== GPU utilization ==
gpu_name, gpu_bus_id, pid, gpu_utilization [%], mem_utilization [%], max_memory_usage [MiB], time [ms]
NVIDIA A100-SXM4-40GB, 00000000:96:00.0, 2020578, 2 %, 1 %, 1202 MiB, 1568446 ms
