### Starting TaskPrologue of job 814691 on h11-09 at Sat Sep  5 23:07:39 CEST 2026
Running on cores 0-127 with governor performance
Sat Sep  5 23:07:39 2026       
+-----------------------------------------------------------------------------------------+
| NVIDIA-SMI 610.57.04              KMD Version: 610.57.04     CUDA UMD Version: 13.3     |
+-----------------------------------------+------------------------+----------------------+
| GPU  Name                 Persistence-M | Bus-Id          Disp.A | Volatile Uncorr. ECC |
| Fan  Temp   Perf          Pwr:Usage/Cap |           Memory-Usage | GPU-Util  Compute M. |
|                                         |                        |               MIG M. |
|=========================================+========================+======================|
|   0  NVIDIA H100                    On  |   00000000:06:00.0 Off |                    0 |
| N/A   35C    P0             66W /  700W |       0MiB /  95830MiB |      0%      Default |
|                                         |                        |             Disabled |
+-----------------------------------------+------------------------+----------------------+
|   1  NVIDIA H100                    On  |   00000000:26:00.0 Off |                    0 |
| N/A   36C    P0             68W /  700W |       0MiB /  95830MiB |      0%      Default |
|                                         |                        |             Disabled |
+-----------------------------------------+------------------------+----------------------+
|   2  NVIDIA H100                    On  |   00000000:A6:00.0 Off |                    0 |
| N/A   35C    P0             67W /  700W |       0MiB /  95830MiB |      0%      Default |
|                                         |                        |             Disabled |
+-----------------------------------------+------------------------+----------------------+
|   3  NVIDIA H100                    On  |   00000000:C6:00.0 Off |                    0 |
| N/A   36C    P0             69W /  700W |       0MiB /  95830MiB |      0%      Default |
|                                         |                        |             Disabled |
+-----------------------------------------+------------------------+----------------------+

+-----------------------------------------------------------------------------------------+
| Processes:                                                                              |
|  GPU   GI   CI              PID   Type   Process name                        GPU Memory |
|        ID   ID                                                               Usage      |
|=========================================================================================|
|  No running processes found                                                             |
+-----------------------------------------------------------------------------------------+
### Finished TaskPrologue

[campaign] pignn_g3_mix_armB_s42  arm=armB  data=armB_control_plus_n1.parquet
[rows] 7653
[note] share_grid OFF in both arms; topology varies within arm B
[gpu] NVIDIA H100 x 4
[ddp] rank 1/4 local_rank 1 host h11-09 device cuda:1
[ddp] rank 3/4 local_rank 3 host h11-09 device cuda:3
MODEL:GNSMsg_EdgeSelfAttn, PINN:True, Block:True, d:4, d_hi:24, n_heads:8, K:40, Runname:pignn_g3_mix_armB_s42, PARQUET:['/home/hpc/b313dc/b313dc11/data_staging/mix_n1_20260905/armB_control_plus_n1.parquet'], BATCH:6, EP:40, LR:1e-05, model_seed:42, split_seed:42, init_checkpoint:none, no_cache_dense_ybus:False, lazy_parquet:True, row_group_cache_size:4, physics_weight:1.0, physics_loss_form:logcosh, physics_residual_norm:graph, residual_feature_norm:signed_log, edge_feature_norm:none, relative_stiffness_feature:False, two_hop_attention_mode:none, global_context_mode:attn_post, global_context_gate_mode:scalar_tanh, range_num_masters:1, range_master_dim:24, range_num_heads:8, range_positional_encoding:hop_slack_rbf, range_pe_dim:10, exact_physics_weight:0.0, exact_physics_residual_norm:local_ybus, correction_target_norm:none, correction_target_norm_eps:1e-05, physics_final_weight:0.0, DthetaMax:0.3, DvmFrac:0.1, khop_K:3, khop_sigma:1.5, khop_norm:row, khop_source:yabs, dataset_complex_dtype:complex128, known_operator:kol-off, solver_update_mode:direct, preconditioner_optimizer:author_adam
MODEL:GNSMsg_EdgeSelfAttn, PINN:True, Block:True, d:4, d_hi:24, n_heads:8, K:40, Runname:pignn_g3_mix_armB_s42, PARQUET:['/home/hpc/b313dc/b313dc11/data_staging/mix_n1_20260905/armB_control_plus_n1.parquet'], BATCH:6, EP:40, LR:1e-05, model_seed:42, split_seed:42, init_checkpoint:none, no_cache_dense_ybus:False, lazy_parquet:True, row_group_cache_size:4, physics_weight:1.0, physics_loss_form:logcosh, physics_residual_norm:graph, residual_feature_norm:signed_log, edge_feature_norm:none, relative_stiffness_feature:False, two_hop_attention_mode:none, global_context_mode:attn_post, global_context_gate_mode:scalar_tanh, range_num_masters:1, range_master_dim:24, range_num_heads:8, range_positional_encoding:hop_slack_rbf, range_pe_dim:10, exact_physics_weight:0.0, exact_physics_residual_norm:local_ybus, correction_target_norm:none, correction_target_norm_eps:1e-05, physics_final_weight:0.0, DthetaMax:0.3, DvmFrac:0.1, khop_K:3, khop_sigma:1.5, khop_norm:row, khop_source:yabs, dataset_complex_dtype:complex128, known_operator:kol-off, solver_update_mode:direct, preconditioner_optimizer:author_adam
[ddp] rank 2/4 local_rank 2 host h11-09 device cuda:2
MODEL:GNSMsg_EdgeSelfAttn, PINN:True, Block:True, d:4, d_hi:24, n_heads:8, K:40, Runname:pignn_g3_mix_armB_s42, PARQUET:['/home/hpc/b313dc/b313dc11/data_staging/mix_n1_20260905/armB_control_plus_n1.parquet'], BATCH:6, EP:40, LR:1e-05, model_seed:42, split_seed:42, init_checkpoint:none, no_cache_dense_ybus:False, lazy_parquet:True, row_group_cache_size:4, physics_weight:1.0, physics_loss_form:logcosh, physics_residual_norm:graph, residual_feature_norm:signed_log, edge_feature_norm:none, relative_stiffness_feature:False, two_hop_attention_mode:none, global_context_mode:attn_post, global_context_gate_mode:scalar_tanh, range_num_masters:1, range_master_dim:24, range_num_heads:8, range_positional_encoding:hop_slack_rbf, range_pe_dim:10, exact_physics_weight:0.0, exact_physics_residual_norm:local_ybus, correction_target_norm:none, correction_target_norm_eps:1e-05, physics_final_weight:0.0, DthetaMax:0.3, DvmFrac:0.1, khop_K:3, khop_sigma:1.5, khop_norm:row, khop_source:yabs, dataset_complex_dtype:complex128, known_operator:kol-off, solver_update_mode:direct, preconditioner_optimizer:author_adam
[ddp] rank 0/4 local_rank 0 host h11-09 device cuda:0
[logging] stdout/stderr will also be saved to: /home/hpc/b313dc/b313dc11/PIGNN-Attn-LS/PIGNN-Attn-LS-PPC/results/mix_n1_20260905/armB/logs/pignn_g3_mix_armB_s42_training_log.txt
MODEL:GNSMsg_EdgeSelfAttn, PINN:True, Block:True, d:4, d_hi:24, n_heads:8, K:40, Runname:pignn_g3_mix_armB_s42, PARQUET:['/home/hpc/b313dc/b313dc11/data_staging/mix_n1_20260905/armB_control_plus_n1.parquet'], BATCH:6, EP:40, LR:1e-05, model_seed:42, split_seed:42, init_checkpoint:none, no_cache_dense_ybus:False, lazy_parquet:True, row_group_cache_size:4, physics_weight:1.0, physics_loss_form:logcosh, physics_residual_norm:graph, residual_feature_norm:signed_log, edge_feature_norm:none, relative_stiffness_feature:False, two_hop_attention_mode:none, global_context_mode:attn_post, global_context_gate_mode:scalar_tanh, range_num_masters:1, range_master_dim:24, range_num_heads:8, range_positional_encoding:hop_slack_rbf, range_pe_dim:10, exact_physics_weight:0.0, exact_physics_residual_norm:local_ybus, correction_target_norm:none, correction_target_norm_eps:1e-05, physics_final_weight:0.0, DthetaMax:0.3, DvmFrac:0.1, khop_K:3, khop_sigma:1.5, khop_norm:row, khop_source:yabs, dataset_complex_dtype:complex128, known_operator:kol-off, solver_update_mode:direct, preconditioner_optimizer:author_adam
Using device: cuda:0
Indexing parquet lazily from /home/hpc/b313dc/b313dc11/data_staging/mix_n1_20260905/armB_control_plus_n1.parquet ...
[Dataset] /home/hpc/b313dc/b313dc11/data_staging/mix_n1_20260905/armB_control_plus_n1.parquet
[Dataset]   parquet S_base = 1.000e+08 VA (= 100 MVA)
[Dataset]   per-unit S_base matches target (100 MVA); no rebase
Indexed 7653 valid rows from /home/hpc/b313dc/b313dc11/data_staging/mix_n1_20260905/armB_control_plus_n1.parquet across 154 row groups (removed 0 diverged rows)
Final combined dataset shape: (7653, streamed rows) | removed 0 diverged rows total
=== JOB_STATISTICS ===
=== current date     : Sat Sep  5 23:37:37 CEST 2026
= Job-ID             : 814691 on helma
= Job-Name           : mix_armB
= Job-Command        : /home/hpc/b313dc/b313dc11/PIGNN-Attn-LS/PIGNN-Attn-LS-PPC/sbatch/mix_armB_ddp_helma_20260905.sh
= Initial workdir    : /home/hpc/b313dc/b313dc11/PIGNN-Attn-LS/PIGNN-Attn-LS-PPC
= Queue/Partition    : h100
= Slurm account      : b313dc with QOS=normal
= Requested resources: cpu=128,mem=700G,node=1,billing=128,gres/gpu=4,gres/gpu:h100=4 for 1-00:00:00
= Elapsed runtime    : 00:29:59
= Total RAM usage    : 336.5 GiB of assigned 700 GiB (48.1%)
= Node list          : h11-09
= Subm/Elig/Start/End: 2026-09-05T23:07:37 / 2026-09-05T23:07:37 / 2026-09-05T23:07:38 / 2026-09-05T23:37:37
======================
=== Quota infos ======
    Path                 Used     SoftQ    HardQ    Gracetime  Filec    FileQ    FiHaQ    FileGrace    
    /home/hpc              85.8G   104.9G   209.7G        N/A     124K     500K   1,000K        N/A    
======================
=== GPU utilization ==
gpu_name, gpu_bus_id, pid, gpu_utilization [%], mem_utilization [%], max_memory_usage [MiB], time [ms]
NVIDIA H100, 00000000:26:00.0, 560487, 0 %, 0 %, 520 MiB, 1788387 ms
NVIDIA H100, 00000000:A6:00.0, 560488, 0 %, 0 %, 520 MiB, 1788917 ms
NVIDIA H100, 00000000:C6:00.0, 560489, 0 %, 0 %, 520 MiB, 1789011 ms
