### Starting TaskPrologue of job 4222549 on a1622 at Sun Sep 13 00:39:35 CEST 2026
Running on cores 0-15 with governor schedutil
Sun Sep 13 00:39:35 2026       
+-----------------------------------------------------------------------------------------+
| NVIDIA-SMI 610.57.04              KMD Version: 610.57.04     CUDA UMD Version: 13.3     |
+-----------------------------------------+------------------------+----------------------+
| GPU  Name                 Persistence-M | Bus-Id          Disp.A | Volatile Uncorr. ECC |
| Fan  Temp   Perf          Pwr:Usage/Cap |           Memory-Usage | GPU-Util  Compute M. |
|                                         |                        |               MIG M. |
|=========================================+========================+======================|
|   0  NVIDIA A40                     On  |   00000000:01:00.0 Off |                  Off |
|  0%   33C    P8             21W /  300W |       0MiB /  49140MiB |      0%      Default |
|                                         |                        |                  N/A |
+-----------------------------------------+------------------------+----------------------+

+-----------------------------------------------------------------------------------------+
| Processes:                                                                              |
|  GPU   GI   CI              PID   Type   Process name                        GPU Memory |
|        ID   ID                                                               Usage      |
|=========================================================================================|
|  No running processes found                                                             |
+-----------------------------------------------------------------------------------------+
### Finished TaskPrologue

Indexing parquet lazily from /home/vault/iwi5/iwi5295h/PIGNN-Attn-LS/ScenarioSynthesis_PPC/out/GBnetwork_ppcY_backbone_dc_compile_ppNR_ls0.60-1.40_u0clean_sgenpert_pvqvstart_siNR_37022_NR_branchrows_directSI.parquet ...
[Dataset] /home/vault/iwi5/iwi5295h/PIGNN-Attn-LS/ScenarioSynthesis_PPC/out/GBnetwork_ppcY_backbone_dc_compile_ppNR_ls0.60-1.40_u0clean_sgenpert_pvqvstart_siNR_37022_NR_branchrows_directSI.parquet
[Dataset]   parquet S_base = 1.000e+08 VA (= 100 MVA)
[Dataset]   per-unit S_base matches target (100 MVA); no rebase
Indexed 37022 valid rows from /home/vault/iwi5/iwi5295h/PIGNN-Attn-LS/ScenarioSynthesis_PPC/out/GBnetwork_ppcY_backbone_dc_compile_ppNR_ls0.60-1.40_u0clean_sgenpert_pvqvstart_siNR_37022_NR_branchrows_directSI.parquet across 1852 row groups (removed 0 diverged rows)
Final combined dataset shape: (37022, streamed rows) | removed 0 diverged rows total
[Dataset]   share_ybus=True: cached shared Ybus from first row (N=2224, |Y|_pu max=2.048e+05); subsequent rows will skip dense Y reconstruction
[Dataset]   share_grid=True: cached 21 grid-only tensors from first row (Ybus + Branch_y_* + topology + vn_kv + ...); subsequent rows skip parquet decode + per-unit math for these fields
[manifold] 12339 train scenarios, 2224 buses; k=16 captures 98.801% of |V| and 99.684% of theta variance
=== JOB_STATISTICS ===
=== current date     : Sun Sep 13 00:42:33 CEST 2026
= Job-ID             : 4222549 on alex
= Job-Name           : lumina_csp_posthoc
= Job-Command        : /home/hpc/iwi5/iwi5295h/PIGNN-Attn-LS/PIGNN-Attn-LS-PPC/sbatch/csp_posthoc_diagnostics_lumina_gbv06z_alex_a40_20260913.sh
= Initial workdir    : /home/hpc/iwi5/iwi5295h
= Queue/Partition    : a40
= Slurm account      : iwi5 with QOS=normal
= Requested resources:  for 06:00:00
= Elapsed runtime    : 00:02:58
= Total RAM usage    : 7.7 GiB of assigned  GiB (%)
= Node list          : a1622
= Subm/Elig/Start/End: 2026-09-13T00:39:33 / 2026-09-13T00:39:33 / 2026-09-13T00:39:34 / 2026-09-13T00:42:32
======================
=== Quota infos ======
    Path                 Used     SoftQ    HardQ    Gracetime  Filec    FileQ    FiHaQ    FileGrace    
!!! /home/hpc             142.7G   104.9G   209.7G  -28997days     196K     500K   1,000K        N/A !!!
    /home/woody           470.2G  1000.0G  1500.0G        N/A     467K   5,000K   7,500K        N/A    
    /home/vault           368.8G  1048.6G  2097.2G        N/A      70K     200K     400K        N/A    
    /lustre                 4.0K     0.0K     0.0K        N/A       1       80K     250K        N/A    
======================
=== GPU utilization ==
gpu_name, gpu_bus_id, pid, gpu_utilization [%], mem_utilization [%], max_memory_usage [MiB], time [ms]
NVIDIA A40, 00000000:01:00.0, 503082, 0 %, 0 %, 264 MiB, 169974 ms
