### Starting TaskPrologue of job 843682 on h11-11 at Sat Sep 12 21:19:17 CEST 2026
Running on cores 32-63 with governor ondemand
Sat Sep 12 21:19:17 2026       
+-----------------------------------------------------------------------------------------+
| NVIDIA-SMI 610.57.04              KMD Version: 610.57.04     CUDA UMD Version: 13.3     |
+-----------------------------------------+------------------------+----------------------+
| GPU  Name                 Persistence-M | Bus-Id          Disp.A | Volatile Uncorr. ECC |
| Fan  Temp   Perf          Pwr:Usage/Cap |           Memory-Usage | GPU-Util  Compute M. |
|                                         |                        |               MIG M. |
|=========================================+========================+======================|
|   0  NVIDIA H100                    On  |   00000000:26:00.0 Off |                    0 |
| N/A   35C    P0             68W /  500W |       0MiB /  95830MiB |      0%      Default |
|                                         |                        |             Disabled |
+-----------------------------------------+------------------------+----------------------+

+-----------------------------------------------------------------------------------------+
| Processes:                                                                              |
|  GPU   GI   CI              PID   Type   Process name                        GPU Memory |
|        ID   ID                                                               Usage      |
|=========================================================================================|
|  No running processes found                                                             |
+-----------------------------------------------------------------------------------------+
### Finished TaskPrologue

[protocol] frozen rank=16; 128 held-out seed-42-test scenarios; 32 Gaussian directions/scenario; RNG=20260909
[checkpoint] /home/hpc/b313dc/b313dc11/PIGNN-Attn-LS/PIGNN-Attn-LS-PPC/results/ckpt/gk_e120_20260910/k08_s42_e120_best.pt (GraphKit E120 seed 42; sd=0.02 / flat-head family)
=== JOB_STATISTICS ===
=== current date     : Sat Sep 12 21:19:26 CEST 2026
= Job-ID             : 843682 on helma
= Job-Name           : gk120_jac_audit
= Job-Command        : /home/hpc/b313dc/b313dc11/PIGNN-Attn-LS/PIGNN-Attn-LS-PPC/sbatch/jacobian_reproducibility_graphkit_e120_helma_20260912.sh
= Initial workdir    : /home/hpc/b313dc/b313dc11/PIGNN-Attn-LS/PIGNN-Attn-LS-PPC
= Queue/Partition    : h100
= Slurm account      : b313dc with QOS=normal
= Requested resources: cpu=32,mem=175G,node=1,billing=32,gres/gpu=1,gres/gpu:h100=1 for 06:00:00
= Elapsed runtime    : 00:00:12
= Total RAM usage    : 8.7 GiB of assigned 175 GiB (5.0%)
= Node list          : h11-11
= Subm/Elig/Start/End: 2026-09-12T20:17:17 / 2026-09-12T20:17:17 / 2026-09-12T21:19:14 / 2026-09-12T21:19:26
======================
=== Quota infos ======
    Path                 Used     SoftQ    HardQ    Gracetime  Filec    FileQ    FiHaQ    FileGrace    
    /home/hpc              80.1G   104.9G   209.7G        N/A     127K     500K   1,000K        N/A    
======================
=== GPU utilization ==
gpu_name, gpu_bus_id, pid, gpu_utilization [%], mem_utilization [%], max_memory_usage [MiB], time [ms]
