### Starting TaskPrologue of job 825884 on h12-16 at Wed Sep  9 14:10:31 CEST 2026
Running on cores 64-95 with governor performance
Wed Sep  9 14:10:31 2026       
+-----------------------------------------------------------------------------------------+
| NVIDIA-SMI 610.57.04              KMD Version: 610.57.04     CUDA UMD Version: 13.3     |
+-----------------------------------------+------------------------+----------------------+
| GPU  Name                 Persistence-M | Bus-Id          Disp.A | Volatile Uncorr. ECC |
| Fan  Temp   Perf          Pwr:Usage/Cap |           Memory-Usage | GPU-Util  Compute M. |
|                                         |                        |               MIG M. |
|=========================================+========================+======================|
|   0  NVIDIA H100                    On  |   00000000:A6:00.0 Off |                    0 |
| N/A   40C    P0             70W /  500W |       0MiB /  95830MiB |      0%      Default |
|                                         |                        |             Disabled |
+-----------------------------------------+------------------------+----------------------+

+-----------------------------------------------------------------------------------------+
| Processes:                                                                              |
|  GPU   GI   CI              PID   Type   Process name                        GPU Memory |
|        ID   ID                                                               Usage      |
|=========================================================================================|
|  No running processes found                                                             |
+-----------------------------------------------------------------------------------------+
### Finished TaskPrologue

[task] family=lumina seed=42 checkpoint=/home/hpc/b313dc/b313dc11/PIGNN-Attn-LS/PIGNN-Attn-LS-PPC/results/ckpt/pfv2_lumina_D_v2/pfv2_lumina_GBnetwork_b32_best.pt
[protocol] seed-42 split; train-only calibration and bases; k=16; complex128 PB
[variants] restore_known (full P16 then PV/slack |V| + slack theta setpoints); unknown_only (P16 only on PQ |V| and non-slack theta)
Indexing parquet lazily from /home/hpc/b313dc/b313dc11/data_staging/controlled_geometry_20260905/GBnetwork.parquet ...
[Dataset] /home/hpc/b313dc/b313dc11/data_staging/controlled_geometry_20260905/GBnetwork.parquet
[Dataset]   parquet S_base = 1.000e+08 VA (= 100 MVA)
[Dataset]   per-unit S_base matches target (100 MVA); no rebase
Indexed 37022 valid rows from /home/hpc/b313dc/b313dc11/data_staging/controlled_geometry_20260905/GBnetwork.parquet across 1852 row groups (removed 0 diverged rows)
Final combined dataset shape: (37022, streamed rows) | removed 0 diverged rows total
[model] LUMINA HGT layers=6 hidden=128 heads=2 dropout=0.24398355775520905
[lumina] checkpoint missing=0 unexpected=0
[Dataset]   share_ybus=True: cached shared Ybus from first row (N=2224, |Y|_pu max=2.048e+05); subsequent rows will skip dense Y reconstruction
[Dataset]   share_grid=True: cached 21 grid-only tensors from first row (Ybus + Branch_y_* + topology + vn_kv + ...); subsequent rows skip parquet decode + per-unit math for these fields
[debias] per-bus offset fitted on 12339 training scenarios; rms dvm 3.78289e-02 pu
[manifold] 12339 train scenarios, 2224 buses; k=16 captures 98.801% of |V| and 99.684% of theta variance
[unknown-only basis] 12339 train scenarios; |V| coordinates=1846, theta coordinates=2223; k=16 captures 98.801%/99.684%
[lumina] evaluated 25/772 batches
[lumina] evaluated 50/772 batches
[lumina] evaluated 75/772 batches
[lumina] evaluated 100/772 batches
[lumina] evaluated 125/772 batches
[lumina] evaluated 150/772 batches
[lumina] evaluated 175/772 batches
[lumina] evaluated 200/772 batches
[lumina] evaluated 225/772 batches
[lumina] evaluated 250/772 batches
[lumina] evaluated 275/772 batches
[lumina] evaluated 300/772 batches
[lumina] evaluated 325/772 batches
[lumina] evaluated 350/772 batches
[lumina] evaluated 375/772 batches
[lumina] evaluated 400/772 batches
[lumina] evaluated 425/772 batches
[lumina] evaluated 450/772 batches
[lumina] evaluated 475/772 batches
[lumina] evaluated 500/772 batches
[lumina] evaluated 525/772 batches
[lumina] evaluated 550/772 batches
[lumina] evaluated 575/772 batches
[lumina] evaluated 600/772 batches
[lumina] evaluated 625/772 batches
[lumina] evaluated 650/772 batches
[lumina] evaluated 675/772 batches
[lumina] evaluated 700/772 batches
[lumina] evaluated 725/772 batches
[lumina] evaluated 750/772 batches
=== JOB_STATISTICS ===
=== current date     : Wed Sep  9 14:34:27 CEST 2026
= Job-ID             : 825884 on helma as 825787_10
= Job-Name           : gb_known_csp16
= Job-Command        : /home/hpc/b313dc/b313dc11/PIGNN-Attn-LS/PIGNN-Attn-LS-PPC/sbatch/gbnetwork_known_state_csp_k16_helma_20260909.sh
= Initial workdir    : /home/hpc/b313dc/b313dc11
= Queue/Partition    : h100
= Slurm account      : b313dc with QOS=normal
= Requested resources: cpu=32,mem=175G,node=1,billing=32,gres/gpu=1,gres/gpu:h100=1 for 06:00:00
= Elapsed runtime    : 00:24:00
= Total RAM usage    : 8.2 GiB of assigned 175 GiB (4.7%)
= Node list          : h12-16
= Subm/Elig/Start/End: 2026-09-09T13:05:46 / 2026-09-09T14:10:18 / 2026-09-09T14:10:27 / 2026-09-09T14:34:27
======================
=== Quota infos ======
    Path                 Used     SoftQ    HardQ    Gracetime  Filec    FileQ    FiHaQ    FileGrace    
    /home/hpc             103.7G   104.9G   209.7G        N/A     125K     500K   1,000K        N/A    
======================
=== GPU utilization ==
gpu_name, gpu_bus_id, pid, gpu_utilization [%], mem_utilization [%], max_memory_usage [MiB], time [ms]
NVIDIA H100, 00000000:A6:00.0, 3063864, 1 %, 0 %, 1418 MiB, 1406049 ms
