### Starting TaskPrologue of job 4210880 on a1721 at Thu Sep 10 15:53:39 CEST 2026
Running on cores 16-31 with governor schedutil
Thu Sep 10 15:53:39 2026       
+-----------------------------------------------------------------------------------------+
| NVIDIA-SMI 610.57.04              KMD Version: 610.57.04     CUDA UMD Version: 13.3     |
+-----------------------------------------+------------------------+----------------------+
| GPU  Name                 Persistence-M | Bus-Id          Disp.A | Volatile Uncorr. ECC |
| Fan  Temp   Perf          Pwr:Usage/Cap |           Memory-Usage | GPU-Util  Compute M. |
|                                         |                        |               MIG M. |
|=========================================+========================+======================|
|   0  NVIDIA A40                     On  |   00000000:25:00.0 Off |                  Off |
|  0%   34C    P8             14W /  300W |       0MiB /  49140MiB |      0%      Default |
|                                         |                        |                  N/A |
+-----------------------------------------+------------------------+----------------------+

+-----------------------------------------------------------------------------------------+
| Processes:                                                                              |
|  GPU   GI   CI              PID   Type   Process name                        GPU Memory |
|        ID   ID                                                               Usage      |
|=========================================================================================|
|  No running processes found                                                             |
+-----------------------------------------------------------------------------------------+
### Finished TaskPrologue

Indexing parquet lazily from /tmp/4210880.alex/GBnetwork.parquet ...
[Dataset] /tmp/4210880.alex/GBnetwork.parquet
[Dataset]   parquet S_base = 1.000e+08 VA (= 100 MVA)
[Dataset]   per-unit S_base matches target (100 MVA); no rebase
Indexed 37022 valid rows from /tmp/4210880.alex/GBnetwork.parquet across 1852 row groups (removed 0 diverged rows)
Final combined dataset shape: (37022, streamed rows) | removed 0 diverged rows total
[Dataset]   share_ybus=True: cached shared Ybus from first row (N=2224, |Y|_pu max=2.048e+05); subsequent rows will skip dense Y reconstruction
[Dataset]   share_grid=True: cached 21 grid-only tensors from first row (Ybus + Branch_y_* + topology + vn_kv + ...); subsequent rows skip parquet decode + per-unit math for these fields
[debias] per-bus offset fitted on 12339 training scenarios; rms dvm 2.56786e-02 pu
[manifold] 12339 train scenarios, 2224 buses; k=16 captures 98.801% of |V| and 99.684% of theta variance
[g3] evaluated 25/772 batches
[g3] evaluated 50/772 batches
[g3] evaluated 75/772 batches
[g3] evaluated 100/772 batches
[g3] evaluated 125/772 batches
[g3] evaluated 150/772 batches
[g3] evaluated 175/772 batches
[g3] evaluated 200/772 batches
[g3] evaluated 225/772 batches
[g3] evaluated 250/772 batches
[g3] evaluated 275/772 batches
[g3] evaluated 300/772 batches
[g3] evaluated 325/772 batches
[g3] evaluated 350/772 batches
[g3] evaluated 375/772 batches
[g3] evaluated 400/772 batches
[g3] evaluated 425/772 batches
[g3] evaluated 450/772 batches
[g3] evaluated 475/772 batches
[g3] evaluated 500/772 batches
[g3] evaluated 525/772 batches
[g3] evaluated 550/772 batches
[g3] evaluated 575/772 batches
[g3] evaluated 600/772 batches
[g3] evaluated 625/772 batches
[g3] evaluated 650/772 batches
[g3] evaluated 675/772 batches
[g3] evaluated 700/772 batches
[g3] evaluated 725/772 batches
[g3] evaluated 750/772 batches
Indexing parquet lazily from /tmp/4210880.alex/GBnetwork.parquet ...
[Dataset] /tmp/4210880.alex/GBnetwork.parquet
[Dataset]   parquet S_base = 1.000e+08 VA (= 100 MVA)
[Dataset]   per-unit S_base matches target (100 MVA); no rebase
Indexed 37022 valid rows from /tmp/4210880.alex/GBnetwork.parquet across 1852 row groups (removed 0 diverged rows)
Final combined dataset shape: (37022, streamed rows) | removed 0 diverged rows total
[GridSFM] checkpoint missing=0 unexpected=0
[Dataset]   share_ybus=True: cached shared Ybus from first row (N=2224, |Y|_pu max=2.048e+05); subsequent rows will skip dense Y reconstruction
[Dataset]   share_grid=True: cached 21 grid-only tensors from first row (Ybus + Branch_y_* + topology + vn_kv + ...); subsequent rows skip parquet decode + per-unit math for these fields
[debias] per-bus offset fitted on 12339 training scenarios; rms dvm 2.95895e-02 pu
[manifold] 12339 train scenarios, 2224 buses; k=16 captures 98.801% of |V| and 99.684% of theta variance
[gridsfm] evaluated 25/772 batches
[gridsfm] evaluated 50/772 batches
[gridsfm] evaluated 75/772 batches
[gridsfm] evaluated 100/772 batches
[gridsfm] evaluated 125/772 batches
[gridsfm] evaluated 150/772 batches
[gridsfm] evaluated 175/772 batches
[gridsfm] evaluated 200/772 batches
[gridsfm] evaluated 225/772 batches
[gridsfm] evaluated 250/772 batches
[gridsfm] evaluated 275/772 batches
[gridsfm] evaluated 300/772 batches
[gridsfm] evaluated 325/772 batches
[gridsfm] evaluated 350/772 batches
[gridsfm] evaluated 375/772 batches
[gridsfm] evaluated 400/772 batches
[gridsfm] evaluated 425/772 batches
[gridsfm] evaluated 450/772 batches
[gridsfm] evaluated 475/772 batches
[gridsfm] evaluated 500/772 batches
[gridsfm] evaluated 525/772 batches
[gridsfm] evaluated 550/772 batches
[gridsfm] evaluated 575/772 batches
[gridsfm] evaluated 600/772 batches
[gridsfm] evaluated 625/772 batches
[gridsfm] evaluated 650/772 batches
[gridsfm] evaluated 675/772 batches
[gridsfm] evaluated 700/772 batches
[gridsfm] evaluated 725/772 batches
[gridsfm] evaluated 750/772 batches
=== JOB_STATISTICS ===
=== current date     : Thu Sep 10 16:57:05 CEST 2026
= Job-ID             : 4210880 on alex
= Job-Name           : csp_full_vs_restore
= Job-Command        : /home/hpc/b313dc/b313dc11/PIGNN-Attn-LS/PIGNN-Attn-LS-PPC/overlays/csp_posthoc_diagnostics_gbnetwork_20260910/sbatch/csp_fullstate_vs_restore_gbnetwork_helma_20260910.sh
= Initial workdir    : /home/hpc/b313dc/b313dc11
= Queue/Partition    : a40
= Slurm account      : b313dc with QOS=normal
= Requested resources:  for 06:00:00
= Elapsed runtime    : 01:03:29
= Total RAM usage    : 8.8 GiB of assigned  GiB (%)
= Node list          : a1721
= Subm/Elig/Start/End: 2026-09-10T15:31:19 / 2026-09-10T15:31:19 / 2026-09-10T15:53:36 / 2026-09-10T16:57:05
======================
=== Quota infos ======
    Path                 Used     SoftQ    HardQ    Gracetime  Filec    FileQ    FiHaQ    FileGrace    
!!! /home/hpc             129.3G   104.9G   209.7G  -28997days     126K     500K   1,000K        N/A !!!
    /home/vault           726.9G  1048.6G  2097.2G        N/A      60K     200K     400K        N/A    
    /home/atuin          4506.8M     0.0K     0.0K        N/A       3                           N/A    
======================
=== GPU utilization ==
gpu_name, gpu_bus_id, pid, gpu_utilization [%], mem_utilization [%], max_memory_usage [MiB], time [ms]
NVIDIA A40, 00000000:25:00.0, 162887, 38 %, 15 %, 484 MiB, 2173746 ms
NVIDIA A40, 00000000:25:00.0, 167954, 25 %, 22 %, 1956 MiB, 1589805 ms
