### Starting TaskPrologue of job 835242 on h12-23 at Thu Sep 10 23:37:46 CEST 2026
Running on cores 0-31 with governor performance
Thu Sep 10 23:37:46 2026       
+-----------------------------------------------------------------------------------------+
| NVIDIA-SMI 610.57.04              KMD Version: 610.57.04     CUDA UMD Version: 13.3     |
+-----------------------------------------+------------------------+----------------------+
| GPU  Name                 Persistence-M | Bus-Id          Disp.A | Volatile Uncorr. ECC |
| Fan  Temp   Perf          Pwr:Usage/Cap |           Memory-Usage | GPU-Util  Compute M. |
|                                         |                        |               MIG M. |
|=========================================+========================+======================|
|   0  NVIDIA H100                    On  |   00000000:06:00.0 Off |                    0 |
| N/A   37C    P0             68W /  500W |       0MiB /  95830MiB |      0%      Default |
|                                         |                        |             Disabled |
+-----------------------------------------+------------------------+----------------------+

+-----------------------------------------------------------------------------------------+
| Processes:                                                                              |
|  GPU   GI   CI              PID   Type   Process name                        GPU Memory |
|        ID   ID                                                               Usage      |
|=========================================================================================|
|  No running processes found                                                             |
+-----------------------------------------------------------------------------------------+
### Finished TaskPrologue

[task] model=gridsfm seed=43 checkpoint=/home/hpc/b313dc/b313dc11/PIGNN-Attn-LS/PIGNN-Attn-LS-PPC/results/model_seed_replicates_20260907/ckpt/gridsfm/gridsfm_GBnetwork_s43_40_best.pt
[protocol] seed-42 split; train-only calibration/bases; k=16; no restore_known; complex128 PB
Indexing parquet lazily from /home/hpc/b313dc/b313dc11/data_staging/controlled_geometry_20260905/GBnetwork.parquet ...
[Dataset] /home/hpc/b313dc/b313dc11/data_staging/controlled_geometry_20260905/GBnetwork.parquet
[Dataset]   parquet S_base = 1.000e+08 VA (= 100 MVA)
[Dataset]   per-unit S_base matches target (100 MVA); no rebase
Indexed 37022 valid rows from /home/hpc/b313dc/b313dc11/data_staging/controlled_geometry_20260905/GBnetwork.parquet across 1852 row groups (removed 0 diverged rows)
Final combined dataset shape: (37022, streamed rows) | removed 0 diverged rows total
[GridSFM] checkpoint missing=0 unexpected=0
[Dataset]   share_ybus=True: cached shared Ybus from first row (N=2224, |Y|_pu max=2.048e+05); subsequent rows will skip dense Y reconstruction
[Dataset]   share_grid=True: cached 21 grid-only tensors from first row (Ybus + Branch_y_* + topology + vn_kv + ...); subsequent rows skip parquet decode + per-unit math for these fields
[debias] per-bus offset fitted on 12339 training scenarios; rms dvm 8.67229e-03 pu
[manifold] 12339 train scenarios, 2224 buses; k=16 captures 98.801% of |V| and 99.684% of theta variance
[gridsfm] 25/772 test batches
[gridsfm] 50/772 test batches
[gridsfm] 75/772 test batches
[gridsfm] 100/772 test batches
[gridsfm] 125/772 test batches
[gridsfm] 150/772 test batches
[gridsfm] 175/772 test batches
[gridsfm] 200/772 test batches
[gridsfm] 225/772 test batches
[gridsfm] 250/772 test batches
[gridsfm] 275/772 test batches
[gridsfm] 300/772 test batches
[gridsfm] 325/772 test batches
[gridsfm] 350/772 test batches
[gridsfm] 375/772 test batches
[gridsfm] 400/772 test batches
[gridsfm] 425/772 test batches
[gridsfm] 450/772 test batches
[gridsfm] 475/772 test batches
[gridsfm] 500/772 test batches
[gridsfm] 525/772 test batches
[gridsfm] 550/772 test batches
[gridsfm] 575/772 test batches
[gridsfm] 600/772 test batches
[gridsfm] 625/772 test batches
[gridsfm] 650/772 test batches
[gridsfm] 675/772 test batches
[gridsfm] 700/772 test batches
[gridsfm] 725/772 test batches
[gridsfm] 750/772 test batches
=== JOB_STATISTICS ===
=== current date     : Fri Sep 11 00:02:48 CEST 2026
= Job-ID             : 835242 on helma as 835242_5
= Job-Name           : csp_blocks_nr
= Job-Command        : /home/hpc/b313dc/b313dc11/PIGNN-Attn-LS/PIGNN-Attn-LS-PPC/sbatch/csp_projection_block_ablation_norestore_helma_20260910.sh
= Initial workdir    : /home/hpc/b313dc/b313dc11/PIGNN-Attn-LS/PIGNN-Attn-LS-PPC
= Queue/Partition    : h100
= Slurm account      : b313dc with QOS=normal
= Requested resources: cpu=32,mem=175G,node=1,billing=32,gres/gpu=1,gres/gpu:h100=1 for 06:00:00
= Elapsed runtime    : 00:25:05
= Total RAM usage    : 8.7 GiB of assigned 175 GiB (5.0%)
= Node list          : h12-23
= Subm/Elig/Start/End: 2026-09-10T23:37:39 / 2026-09-10T23:37:41 / 2026-09-10T23:37:43 / 2026-09-11T00:02:48
======================
=== Quota infos ======
    Path                 Used     SoftQ    HardQ    Gracetime  Filec    FileQ    FiHaQ    FileGrace    
!!! /home/hpc             133.0G   104.9G   209.7G  -28997days     126K     500K   1,000K        N/A !!!
======================
=== GPU utilization ==
gpu_name, gpu_bus_id, pid, gpu_utilization [%], mem_utilization [%], max_memory_usage [MiB], time [ms]
NVIDIA H100, 00000000:06:00.0, 1948335, 11 %, 5 %, 2774 MiB, 1481348 ms
