### Starting TaskPrologue of job 843952 on h11-11 at Sat Sep 12 21:58:35 CEST 2026
Running on cores 96-127 with governor performance
Sat Sep 12 21:58:35 2026       
+-----------------------------------------------------------------------------------------+
| NVIDIA-SMI 610.57.04              KMD Version: 610.57.04     CUDA UMD Version: 13.3     |
+-----------------------------------------+------------------------+----------------------+
| GPU  Name                 Persistence-M | Bus-Id          Disp.A | Volatile Uncorr. ECC |
| Fan  Temp   Perf          Pwr:Usage/Cap |           Memory-Usage | GPU-Util  Compute M. |
|                                         |                        |               MIG M. |
|=========================================+========================+======================|
|   0  NVIDIA H100                    On  |   00000000:C6:00.0 Off |                    0 |
| N/A   36C    P0             72W /  500W |       0MiB /  95830MiB |      0%      Default |
|                                         |                        |             Disabled |
+-----------------------------------------+------------------------+----------------------+

+-----------------------------------------------------------------------------------------+
| Processes:                                                                              |
|  GPU   GI   CI              PID   Type   Process name                        GPU Memory |
|        ID   ID                                                               Usage      |
|=========================================================================================|
|  No running processes found                                                             |
+-----------------------------------------------------------------------------------------+
### Finished TaskPrologue

Indexing parquet lazily from /home/hpc/b313dc/b313dc11/data_staging/controlled_geometry_20260905/GBnetwork.parquet ...
[Dataset] /home/hpc/b313dc/b313dc11/data_staging/controlled_geometry_20260905/GBnetwork.parquet
[Dataset]   parquet S_base = 1.000e+08 VA (= 100 MVA)
[Dataset]   per-unit S_base matches target (100 MVA); no rebase
Indexed 37022 valid rows from /home/hpc/b313dc/b313dc11/data_staging/controlled_geometry_20260905/GBnetwork.parquet across 1852 row groups (removed 0 diverged rows)
Final combined dataset shape: (37022, streamed rows) | removed 0 diverged rows total
[Dataset]   share_ybus=True: cached shared Ybus from first row (N=2224, |Y|_pu max=2.048e+05); subsequent rows will skip dense Y reconstruction
[Dataset]   share_grid=True: cached 21 grid-only tensors from first row (Ybus + Branch_y_* + topology + vn_kv + ...); subsequent rows skip parquet decode + per-unit math for these fields
[debias] per-bus offset fitted on 12339 training scenarios; rms dvm 2.56859e-02 pu
[manifold] 12339 train scenarios, 2224 buses; k=16 captures 98.801% of |V| and 99.684% of theta variance
[probe] batch=8 success=True {'peak_allocated_bytes': 98220544, 'peak_reserved_bytes': 119537664, 'actual_batch': 8}
[probe] batch=16 success=True {'peak_allocated_bytes': 161807360, 'peak_reserved_bytes': 188743680, 'actual_batch': 16}
[probe] batch=32 success=True {'peak_allocated_bytes': 288977920, 'peak_reserved_bytes': 318767104, 'actual_batch': 32}
[probe] batch=64 success=True {'peak_allocated_bytes': 543318528, 'peak_reserved_bytes': 629145600, 'actual_batch': 64}
[probe] batch=128 success=True {'peak_allocated_bytes': 1052005888, 'peak_reserved_bytes': 1180696576, 'actual_batch': 128}
[probe] batch=256 success=True {'peak_allocated_bytes': 2069381632, 'peak_reserved_bytes': 2315255808, 'actual_batch': 256}
[probe] batch=512 success=True {'peak_allocated_bytes': 4104131584, 'peak_reserved_bytes': 4596957184, 'actual_batch': 512}
[probe] batch=1024 success=True {'peak_allocated_bytes': 8173633024, 'peak_reserved_bytes': 9168748544, 'actual_batch': 1024}
[probe] batch=2048 success=True {'peak_allocated_bytes': 16312635904, 'peak_reserved_bytes': 18249416704, 'actual_batch': 2048}
[probe] batch=4096 success=True {'peak_allocated_bytes': 32590641664, 'peak_reserved_bytes': 36538679296, 'actual_batch': 4096}
[probe] batch=8192 success=True {'peak_allocated_bytes': 65146653184, 'peak_reserved_bytes': 73054289920, 'actual_batch': 8192}
[probe] batch=12288 success=True {'peak_allocated_bytes': 97702664704, 'peak_reserved_bytes': 99472113664, 'actual_batch': 12288}
=== JOB_STATISTICS ===
=== current date     : Sat Sep 12 22:19:02 CEST 2026
= Job-ID             : 843952 on helma as 843941_0
= Job-Name           : gb_inf_batch_probe
= Job-Command        : /home/hpc/b313dc/b313dc11/PIGNN-Attn-LS/PIGNN-Attn-LS-PPC/sbatch/probe_gbnetwork_inference_batch_h100_20260912.sh
= Initial workdir    : /home/hpc/b313dc/b313dc11/PIGNN-Attn-LS/PIGNN-Attn-LS-PPC
= Queue/Partition    : h100
= Slurm account      : b313dc with QOS=normal
= Requested resources: cpu=32,mem=175G,node=1,billing=32,gres/gpu=1,gres/gpu:h100=1 for 04:00:00
= Elapsed runtime    : 00:21:07
= Total RAM usage    : 32.1 GiB of assigned 175 GiB (18.3%)
= Node list          : h11-11
= Subm/Elig/Start/End: 2026-09-12T21:51:18 / 2026-09-12T21:51:18 / 2026-09-12T21:57:55 / 2026-09-12T22:19:02
======================
=== Quota infos ======
    Path                 Used     SoftQ    HardQ    Gracetime  Filec    FileQ    FiHaQ    FileGrace    
    /home/hpc              79.9G   104.9G   209.7G        N/A     127K     500K   1,000K        N/A    
======================
=== GPU utilization ==
gpu_name, gpu_bus_id, pid, gpu_utilization [%], mem_utilization [%], max_memory_usage [MiB], time [ms]
NVIDIA H100, 00000000:C6:00.0, 1458351, 47 %, 13 %, 95568 MiB, 1206304 ms
