### Starting TaskPrologue of job 843941 on h14-09 at Sat Sep 12 22:38:15 CEST 2026
Running on cores 64-95 with governor performance
Sat Sep 12 22:38:15 2026       
+-----------------------------------------------------------------------------------------+
| NVIDIA-SMI 595.91.07              Driver Version: 595.91.07      CUDA Version: 13.2     |
+-----------------------------------------+------------------------+----------------------+
| GPU  Name                 Persistence-M | Bus-Id          Disp.A | Volatile Uncorr. ECC |
| Fan  Temp   Perf          Pwr:Usage/Cap |           Memory-Usage | GPU-Util  Compute M. |
|                                         |                        |               MIG M. |
|=========================================+========================+======================|
|   0  NVIDIA H100                    On  |   00000000:A6:00.0 Off |                    0 |
| N/A   38C    P0             67W /  500W |       0MiB /  95830MiB |      0%      Default |
|                                         |                        |             Disabled |
+-----------------------------------------+------------------------+----------------------+

+-----------------------------------------------------------------------------------------+
| Processes:                                                                              |
|  GPU   GI   CI              PID   Type   Process name                        GPU Memory |
|        ID   ID                                                               Usage      |
|=========================================================================================|
|  No running processes found                                                             |
+-----------------------------------------------------------------------------------------+
### Finished TaskPrologue

Indexing parquet lazily from /home/hpc/b313dc/b313dc11/data_staging/controlled_geometry_20260905/GBnetwork.parquet ...
[Dataset] /home/hpc/b313dc/b313dc11/data_staging/controlled_geometry_20260905/GBnetwork.parquet
[Dataset]   parquet S_base = 1.000e+08 VA (= 100 MVA)
[Dataset]   per-unit S_base matches target (100 MVA); no rebase
Indexed 37022 valid rows from /home/hpc/b313dc/b313dc11/data_staging/controlled_geometry_20260905/GBnetwork.parquet across 1852 row groups (removed 0 diverged rows)
Final combined dataset shape: (37022, streamed rows) | removed 0 diverged rows total
[model] LUMINA HGT layers=6 hidden=128 heads=2 dropout=0.0
[model] bus input widened to 13 (+6)
[init] normal_(0, 0.02) applied to 66 weight matrices
[init] terminal bus head zeroed (Linear, (2, 128)): flat-voltage start
[lumina] checkpoint missing=0 unexpected=0
[Dataset]   share_ybus=True: cached shared Ybus from first row (N=2224, |Y|_pu max=2.048e+05); subsequent rows will skip dense Y reconstruction
[Dataset]   share_grid=True: cached 21 grid-only tensors from first row (Ybus + Branch_y_* + topology + vn_kv + ...); subsequent rows skip parquet decode + per-unit math for these fields
[debias] per-bus offset fitted on 12339 training scenarios; rms dvm 2.02462e-02 pu
[manifold] 12339 train scenarios, 2224 buses; k=16 captures 98.801% of |V| and 99.684% of theta variance
[probe] batch=16 success=True {'peak_allocated_bytes': 596277760, 'peak_reserved_bytes': 710934528, 'actual_batch': 16}
[probe] batch=32 success=True {'peak_allocated_bytes': 1148813312, 'peak_reserved_bytes': 1402994688, 'actual_batch': 32}
[probe] batch=64 success=True {'peak_allocated_bytes': 2253884416, 'peak_reserved_bytes': 2533359616, 'actual_batch': 64}
[probe] batch=128 success=True {'peak_allocated_bytes': 4464030208, 'peak_reserved_bytes': 5179965440, 'actual_batch': 128}
[probe] batch=256 success=True {'peak_allocated_bytes': 8884322304, 'peak_reserved_bytes': 10315890688, 'actual_batch': 256}
[probe] batch=512 success=True {'peak_allocated_bytes': 17724906496, 'peak_reserved_bytes': 20568866816, 'actual_batch': 512}
[probe] batch=1024 success=True {'peak_allocated_bytes': 35406074880, 'peak_reserved_bytes': 41095790592, 'actual_batch': 1024}
[probe] batch=2048 success=True {'peak_allocated_bytes': 70768411648, 'peak_reserved_bytes': 82116083712, 'actual_batch': 2048}
[probe] batch=4096 success=False 
[probe] batch=3072 success=False 
[probe] batch=2560 success=True {'peak_allocated_bytes': 88449580032, 'peak_reserved_bytes': 97509179392, 'actual_batch': 2560}
[probe] batch=2816 success=True {'peak_allocated_bytes': 97290164224, 'peak_reserved_bytes': 98998157312, 'actual_batch': 2816}
[probe] batch=2944 success=False 
[probe] batch=2880 success=False 
[probe] batch=2848 success=True {'peak_allocated_bytes': 98395239424, 'peak_reserved_bytes': 98578726912, 'actual_batch': 2848}
[probe] batch=2864 success=True {'peak_allocated_bytes': 98947776000, 'peak_reserved_bytes': 99123986432, 'actual_batch': 2864}
[probe] batch=2872 success=False 
[probe] batch=2868 success=True {'peak_allocated_bytes': 99085913088, 'peak_reserved_bytes': 99207872512, 'actual_batch': 2868}
[probe] batch=2870 success=False 
[probe] batch=2869 success=False 
=== JOB_STATISTICS ===
=== current date     : Sat Sep 12 22:51:23 CEST 2026
= Job-ID             : 843941 on helma as 843941_3
= Job-Name           : gb_inf_batch_probe
= Job-Command        : /home/hpc/b313dc/b313dc11/PIGNN-Attn-LS/PIGNN-Attn-LS-PPC/sbatch/probe_gbnetwork_inference_batch_h100_20260912.sh
= Initial workdir    : /home/hpc/b313dc/b313dc11/PIGNN-Attn-LS/PIGNN-Attn-LS-PPC
= Queue/Partition    : h100
= Slurm account      : b313dc with QOS=normal
= Requested resources: cpu=32,mem=175G,node=1,billing=32,gres/gpu=1,gres/gpu:h100=1 for 04:00:00
= Elapsed runtime    : 00:13:13
= Total RAM usage    : 32.1 GiB of assigned 175 GiB (18.3%)
= Node list          : h14-09
= Subm/Elig/Start/End: 2026-09-12T21:51:18 / 2026-09-12T21:51:18 / 2026-09-12T22:38:10 / 2026-09-12T22:51:23
======================
=== Quota infos ======
    Path                 Used     SoftQ    HardQ    Gracetime  Filec    FileQ    FiHaQ    FileGrace    
    /home/hpc              79.8G   104.9G   209.7G        N/A     127K     500K   1,000K        N/A    
======================
=== GPU utilization ==
gpu_name, gpu_bus_id, pid, gpu_utilization [%], mem_utilization [%], max_memory_usage [MiB], time [ms]
NVIDIA H100, 00000000:A6:00.0, 1662000, 3 %, 2 %, 95290 MiB, 782194 ms
