Traceback (most recent call last):
  File "/home/hpc/b313dc/b313dc11/PIGNN-Attn-LS/PIGNN-Attn-LS-PPC/overlays/gbnetwork_inference_walltime_h100_20260912/benchmark_inference_walltime.py", line 234, in <module>
    main()
  File "/home/hpc/b313dc/b313dc11/PIGNN-Attn-LS/PIGNN-Attn-LS-PPC/overlays/gbnetwork_inference_walltime_h100_20260912/benchmark_inference_walltime.py", line 227, in main
    bs, values = benchmark(args, model, forward, train, test)
                 ^^^^^^^^^^^^^^^^^^^^^^^^^^^^^^^^^^^^^^^^^^^^
  File "/home/hpc/b313dc/b313dc11/PIGNN-Attn-LS/PIGNN-Attn-LS-PPC/overlays/gbnetwork_inference_walltime_h100_20260912/benchmark_inference_walltime.py", line 172, in benchmark
    warm = forward(first)
           ^^^^^^^^^^^^^^
  File "/home/hpc/b313dc/b313dc11/PIGNN-Attn-LS/PIGNN-Attn-LS-PPC/overlays/gbnetwork_inference_walltime_h100_20260912/controlled_error_geometry.py", line 56, in forward
    return ext_forward(bb)
           ^^^^^^^^^^^^^^^
  File "/home/hpc/b313dc/b313dc11/PIGNN-Attn-LS/PIGNN-Attn-LS-PPC/overlays/gbnetwork_inference_walltime_h100_20260912/diagnose_residual_distributions.py", line 409, in <lambda>
    fwd = lambda bd: forward_graphkit_parquet(          # noqa: E731
                     ^^^^^^^^^^^^^^^^^^^^^^^^^^^^^^^^^^^^^^^^^^^^^^^
  File "/home/hpc/b313dc/b313dc11/PIGNN-Attn-LS/PIGNN-Attn-LS-PPC/gridfm_graphkit_adapter.py", line 548, in forward_graphkit_parquet
    out = model(d)
          ^^^^^^^^
  File "/home/hpc/b313dc/b313dc11/conda-envs/gridfm-py312/lib/python3.12/site-packages/torch/nn/modules/module.py", line 1751, in _wrapped_call_impl
    return self._call_impl(*args, **kwargs)
           ^^^^^^^^^^^^^^^^^^^^^^^^^^^^^^^^
  File "/home/hpc/b313dc/b313dc11/conda-envs/gridfm-py312/lib/python3.12/site-packages/torch/nn/modules/module.py", line 1762, in _call_impl
    return forward_call(*args, **kwargs)
           ^^^^^^^^^^^^^^^^^^^^^^^^^^^^^
  File "/home/hpc/b313dc/b313dc11/PIGNN-Attn-LS/gridfm-graphkit/gridfm_graphkit/models/gnn_heterogeneous_gns.py", line 205, in forward
    out_dict = conv(
               ^^^^^
  File "/home/hpc/b313dc/b313dc11/conda-envs/gridfm-py312/lib/python3.12/site-packages/torch/nn/modules/module.py", line 1751, in _wrapped_call_impl
    return self._call_impl(*args, **kwargs)
           ^^^^^^^^^^^^^^^^^^^^^^^^^^^^^^^^
  File "/home/hpc/b313dc/b313dc11/conda-envs/gridfm-py312/lib/python3.12/site-packages/torch/nn/modules/module.py", line 1762, in _call_impl
    return forward_call(*args, **kwargs)
           ^^^^^^^^^^^^^^^^^^^^^^^^^^^^^
  File "/home/hpc/b313dc/b313dc11/conda-envs/gridfm-py312/lib/python3.12/site-packages/torch_geometric/nn/conv/hetero_conv.py", line 159, in forward
    out = conv(*args, **kwargs)
          ^^^^^^^^^^^^^^^^^^^^^
  File "/home/hpc/b313dc/b313dc11/conda-envs/gridfm-py312/lib/python3.12/site-packages/torch/nn/modules/module.py", line 1751, in _wrapped_call_impl
    return self._call_impl(*args, **kwargs)
           ^^^^^^^^^^^^^^^^^^^^^^^^^^^^^^^^
  File "/home/hpc/b313dc/b313dc11/conda-envs/gridfm-py312/lib/python3.12/site-packages/torch/nn/modules/module.py", line 1762, in _call_impl
    return forward_call(*args, **kwargs)
           ^^^^^^^^^^^^^^^^^^^^^^^^^^^^^
  File "/home/hpc/b313dc/b313dc11/conda-envs/gridfm-py312/lib/python3.12/site-packages/torch_geometric/nn/conv/transformer_conv.py", line 234, in forward
    out = self.propagate(edge_index, query=query, key=key, value=value,
          ^^^^^^^^^^^^^^^^^^^^^^^^^^^^^^^^^^^^^^^^^^^^^^^^^^^^^^^^^^^^^
  File "/tmp/844653.helma/torch_geometric.nn.conv.transformer_conv_TransformerConv_propagate_bry80eg6.py", line 237, in propagate
    out = self.message(
          ^^^^^^^^^^^^^
  File "/home/hpc/b313dc/b313dc11/conda-envs/gridfm-py312/lib/python3.12/site-packages/torch_geometric/nn/conv/transformer_conv.py", line 282, in message
    out = out * alpha.view(-1, self.heads, 1)
          ~~~~^~~~~~~~~~~~~~~~~~~~~~~~~~~~~~~
torch.OutOfMemoryError: CUDA out of memory. Tried to allocate 9.62 GiB. GPU 0 has a total capacity of 93.09 GiB of which 9.56 GiB is free. Including non-PyTorch memory, this process has 83.52 GiB memory in use. Of the allocated memory 82.63 GiB is allocated by PyTorch, and 235.36 MiB is reserved by PyTorch but unallocated. If reserved but unallocated memory is large try setting PYTORCH_CUDA_ALLOC_CONF=expandable_segments:True to avoid fragmentation.  See documentation for Memory Management  (https://pytorch.org/docs/stable/notes/cuda.html#environment-variables)
srun: error: h13-16: task 0: Exited with exit code 1
srun: Terminating StepId=844653.0
