### Starting TaskPrologue of job 853593 on h11-14 at Mon Sep 14 15:15:04 CEST 2026
Running on cores 64-95 with governor performance
Mon Sep 14 15:15:04 2026       
+-----------------------------------------------------------------------------------------+
| NVIDIA-SMI 610.57.04              KMD Version: 610.57.04     CUDA UMD Version: 13.3     |
+-----------------------------------------+------------------------+----------------------+
| GPU  Name                 Persistence-M | Bus-Id          Disp.A | Volatile Uncorr. ECC |
| Fan  Temp   Perf          Pwr:Usage/Cap |           Memory-Usage | GPU-Util  Compute M. |
|                                         |                        |               MIG M. |
|=========================================+========================+======================|
|   0  NVIDIA H100                    On  |   00000000:A6:00.0 Off |                    0 |
| N/A   37C    P0             67W /  500W |       0MiB /  95830MiB |      0%      Default |
|                                         |                        |             Disabled |
+-----------------------------------------+------------------------+----------------------+

+-----------------------------------------------------------------------------------------+
| Processes:                                                                              |
|  GPU   GI   CI              PID   Type   Process name                        GPU Memory |
|        ID   ID                                                               Usage      |
|=========================================================================================|
|  No running processes found                                                             |
+-----------------------------------------------------------------------------------------+
### Finished TaskPrologue

Indexing parquet lazily from /home/hpc/b313dc/b313dc11/data_staging/controlled_geometry_20260905/GBnetwork.parquet ...
[Dataset] /home/hpc/b313dc/b313dc11/data_staging/controlled_geometry_20260905/GBnetwork.parquet
[Dataset]   parquet S_base = 1.000e+08 VA (= 100 MVA)
[Dataset]   per-unit S_base matches target (100 MVA); no rebase
Indexed 37022 valid rows from /home/hpc/b313dc/b313dc11/data_staging/controlled_geometry_20260905/GBnetwork.parquet across 1852 row groups (removed 0 diverged rows)
Final combined dataset shape: (37022, streamed rows) | removed 0 diverged rows total
[Dataset]   share_ybus=True: cached shared Ybus from first row (N=2224, |Y|_pu max=2.048e+05); subsequent rows will skip dense Y reconstruction
[Dataset]   share_grid=True: cached 21 grid-only tensors from first row (Ybus + Branch_y_* + topology + vn_kv + ...); subsequent rows skip parquet decode + per-unit math for these fields
[manifold] 12339 train scenarios, 2224 buses; k=16 captures 98.801% of |V| and 99.684% of theta variance
[debias] per-bus offset fitted on 12339 training scenarios; rms dvm 2.56892e-02 pu
[PIGNN-GC] 100/772 test batches
[PIGNN-GC] 200/772 test batches
[PIGNN-GC] 300/772 test batches
[PIGNN-GC] 400/772 test batches
[PIGNN-GC] 500/772 test batches
[PIGNN-GC] 600/772 test batches
[PIGNN-GC] 700/772 test batches
{
  "protocol": {
    "model": "PIGNN-GC",
    "kind": "g3",
    "checkpoint": "/home/hpc/b313dc/b313dc11/PIGNN-Attn-LS/PIGNN-Attn-LS-PPC/overlays/residual_split_20260829/pignn_global_GBnetwork_g3_s42_40_best_model.ckpt",
    "split": "controlled_error_geometry.split_dataset; seed=42 fixed memberships",
    "calibration": "fit_per_bus_offset on training predictions only; circular angle offset",
    "basis": "manifold_basis on training NR labels only; separate magnitude/circular-angle bases",
    "rank": 16,
    "actual_rank_magnitude": 16,
    "actual_rank_angle": 16,
    "pb": "pb_per_scenario; final calibrated complex128 voltage; GENCO structural-zero convention",
    "partial_spearman": "Pearson correlation of rank residuals after separately regressing ranked q_perp and ranked Mean PB on intercept + ranked scenario error L2",
    "bootstrap": {
      "draws": 2000,
      "seed": 20260914,
      "unit": "held-out test scenario",
      "percentile_ci": [
        0.025,
        0.975
      ]
    },
    "test_scenarios": 12344,
    "zero_error_denominator_magnitude": 0,
    "zero_error_denominator_angle": 0
  },
  "training_explained_variance_at_16": {
    "magnitude": 0.9880053751661676,
    "angle": 0.9968392019907943
  },
  "per_scenario_off_subspace_error_fraction": {
    "magnitude": {
      "q25": 0.18942602113135137,
      "median": 0.26290091323584697,
      "q75": 0.36534632475335027,
      "mean": 0.2959869027718473,
      "min": 0.042587547989812985,
      "max": 0.8642316546499144
    },
    "angle": {
      "q25": 0.0595782781772442,
      "median": 0.10304392598124709,
      "q75": 0.1460298060851281,
      "mean": 0.10933549901905544,
      "min": 0.005495625812950478,
      "max": 0.7231736715585004
    }
  },
  "conditional_association": {
    "magnitude": {
      "partial_spearman_qperp_mean_pb_given_error_l2": 0.659076748568816,
      "paired_scenario_bootstrap_95_ci": [
        0.648429627125189,
        0.6689872197837659
      ],
      "n": 12344
    },
    "angle": {
      "partial_spearman_qperp_mean_pb_given_error_l2": 0.7893293183577896,
      "paired_scenario_bootstrap_95_ci": [
        0.7831411114234959,
        0.7950886920130595
      ],
      "n": 12344
    }
  },
  "audit": {
    "ratio_of_summed_energy_magnitude": 0.21226688661836055,
    "ratio_of_summed_energy_angle": 0.07148213383997029,
    "calibrated_mean_pb": 0.14481375329273846
  }
}
=== JOB_STATISTICS ===
=== current date     : Mon Sep 14 15:30:44 CEST 2026
= Job-ID             : 853593 on helma as 853593_0
= Job-Name           : offgeom_s42
= Job-Command        : /home/hpc/b313dc/b313dc11/PIGNN-Attn-LS/PIGNN-Attn-LS-PPC/sbatch/off_subspace_conditional_association_4model_seed42_helma_20260914.sh
= Initial workdir    : /home/hpc/b313dc/b313dc11/PIGNN-Attn-LS/PIGNN-Attn-LS-PPC
= Queue/Partition    : h100
= Slurm account      : b313dc with QOS=normal
= Requested resources: cpu=32,mem=175G,node=1,billing=32,gres/gpu=1,gres/gpu:h100=1 for 06:00:00
= Elapsed runtime    : 00:15:43
= Total RAM usage    : 7.7 GiB of assigned 175 GiB (4.4%)
= Node list          : h11-14
= Subm/Elig/Start/End: 2026-09-14T15:14:53 / 2026-09-14T15:14:53 / 2026-09-14T15:15:01 / 2026-09-14T15:30:44
======================
=== Quota infos ======
    Path                 Used     SoftQ    HardQ    Gracetime  Filec    FileQ    FiHaQ    FileGrace    
!!! /home/hpc             170.8G   104.9G   209.7G  -28994days     128K     500K   1,000K        N/A !!!
======================
=== GPU utilization ==
gpu_name, gpu_bus_id, pid, gpu_utilization [%], mem_utilization [%], max_memory_usage [MiB], time [ms]
NVIDIA H100, 00000000:A6:00.0, 1974145, 42 %, 4 %, 868 MiB, 934115 ms
