### Starting TaskPrologue of job 853580 on h14-12 at Mon Sep 14 15:14:33 CEST 2026
Running on cores 96-127 with governor performance
Mon Sep 14 15:14:33 2026       
+-----------------------------------------------------------------------------------------+
| NVIDIA-SMI 595.91.07              Driver Version: 595.91.07      CUDA Version: 13.2     |
+-----------------------------------------+------------------------+----------------------+
| GPU  Name                 Persistence-M | Bus-Id          Disp.A | Volatile Uncorr. ECC |
| Fan  Temp   Perf          Pwr:Usage/Cap |           Memory-Usage | GPU-Util  Compute M. |
|                                         |                        |               MIG M. |
|=========================================+========================+======================|
|   0  NVIDIA H100                    On  |   00000000:C6:00.0 Off |                    0 |
| N/A   35C    P0             67W /  500W |       0MiB /  95830MiB |      0%      Default |
|                                         |                        |             Disabled |
+-----------------------------------------+------------------------+----------------------+

+-----------------------------------------------------------------------------------------+
| Processes:                                                                              |
|  GPU   GI   CI              PID   Type   Process name                        GPU Memory |
|        ID   ID                                                               Usage      |
|=========================================================================================|
|  No running processes found                                                             |
+-----------------------------------------------------------------------------------------+
### Finished TaskPrologue

Indexing parquet lazily from /home/hpc/b313dc/b313dc11/data_staging/controlled_geometry_20260905/GBnetwork.parquet ...
[Dataset] /home/hpc/b313dc/b313dc11/data_staging/controlled_geometry_20260905/GBnetwork.parquet
[Dataset]   parquet S_base = 1.000e+08 VA (= 100 MVA)
[Dataset]   per-unit S_base matches target (100 MVA); no rebase
Indexed 37022 valid rows from /home/hpc/b313dc/b313dc11/data_staging/controlled_geometry_20260905/GBnetwork.parquet across 1852 row groups (removed 0 diverged rows)
Final combined dataset shape: (37022, streamed rows) | removed 0 diverged rows total
[Dataset]   share_ybus=True: cached shared Ybus from first row (N=2224, |Y|_pu max=2.048e+05); subsequent rows will skip dense Y reconstruction
[Dataset]   share_grid=True: cached 21 grid-only tensors from first row (Ybus + Branch_y_* + topology + vn_kv + ...); subsequent rows skip parquet decode + per-unit math for these fields
[manifold] 12339 train scenarios, 2224 buses; k=16 captures 98.801% of |V| and 99.684% of theta variance
[GridSFM] checkpoint missing=0 unexpected=0
[debias] per-bus offset fitted on 12339 training scenarios; rms dvm 2.95890e-02 pu
[GridSFM] 100/772 test batches
[GridSFM] 200/772 test batches
[GridSFM] 300/772 test batches
[GridSFM] 400/772 test batches
[GridSFM] 500/772 test batches
[GridSFM] 600/772 test batches
[GridSFM] 700/772 test batches
{
  "protocol": {
    "model": "GridSFM",
    "kind": "gridsfm",
    "checkpoint": "/home/hpc/b313dc/b313dc11/PIGNN-Attn-LS/PIGNN-Attn-LS-PPC/overlays/residual_split_20260829/pfv2_gridsfm_GBnetwork_b26_best.pt",
    "split": "controlled_error_geometry.split_dataset; seed=42 fixed memberships",
    "calibration": "fit_per_bus_offset on training predictions only; circular angle offset",
    "basis": "manifold_basis on training NR labels only; separate magnitude/circular-angle bases",
    "rank": 16,
    "actual_rank_magnitude": 16,
    "actual_rank_angle": 16,
    "pb": "pb_per_scenario; final calibrated complex128 voltage; GENCO structural-zero convention",
    "partial_spearman": "Pearson correlation of rank residuals after separately regressing ranked q_perp and ranked Mean PB on intercept + ranked scenario error L2",
    "bootstrap": {
      "draws": 2000,
      "seed": 20260914,
      "unit": "held-out test scenario",
      "percentile_ci": [
        0.025,
        0.975
      ]
    },
    "test_scenarios": 12344,
    "zero_error_denominator_magnitude": 0,
    "zero_error_denominator_angle": 0
  },
  "training_explained_variance_at_16": {
    "magnitude": 0.9880053751661676,
    "angle": 0.9968392019907943
  },
  "per_scenario_off_subspace_error_fraction": {
    "magnitude": {
      "q25": 0.5006617639840752,
      "median": 0.5498918804353932,
      "q75": 0.5939801045874534,
      "mean": 0.5515851958538132,
      "min": 0.23297853778364944,
      "max": 0.9139089244447914
    },
    "angle": {
      "q25": 0.010245134128998351,
      "median": 0.0271489274414455,
      "q75": 0.07087570324016756,
      "mean": 0.04819692208215821,
      "min": 0.0003322342072332111,
      "max": 0.850549637480981
    }
  },
  "conditional_association": {
    "magnitude": {
      "partial_spearman_qperp_mean_pb_given_error_l2": 0.6347703023163487,
      "paired_scenario_bootstrap_95_ci": [
        0.622528135076347,
        0.6453876762385932
      ],
      "n": 12344
    },
    "angle": {
      "partial_spearman_qperp_mean_pb_given_error_l2": 0.9055622641728485,
      "paired_scenario_bootstrap_95_ci": [
        0.9009385043322969,
        0.9097567197833002
      ],
      "n": 12344
    }
  },
  "audit": {
    "ratio_of_summed_energy_magnitude": 0.5188315973108288,
    "ratio_of_summed_energy_angle": 0.01892453600973182,
    "calibrated_mean_pb": 0.08659656006275772
  }
}
=== JOB_STATISTICS ===
=== current date     : Mon Sep 14 15:27:03 CEST 2026
= Job-ID             : 853580 on helma as 853578_1
= Job-Name           : offgeom_s42
= Job-Command        : /home/hpc/b313dc/b313dc11/PIGNN-Attn-LS/PIGNN-Attn-LS-PPC/sbatch/off_subspace_conditional_association_4model_seed42_helma_20260914.sh
= Initial workdir    : /home/hpc/b313dc/b313dc11/PIGNN-Attn-LS/PIGNN-Attn-LS-PPC
= Queue/Partition    : h100
= Slurm account      : b313dc with QOS=normal
= Requested resources: cpu=32,mem=175G,node=1,billing=32,gres/gpu=1,gres/gpu:h100=1 for 06:00:00
= Elapsed runtime    : 00:15:11
= Total RAM usage    : 7.8 GiB of assigned 175 GiB (4.5%)
= Node list          : h14-12
= Subm/Elig/Start/End: 2026-09-14T15:11:51 / 2026-09-14T15:11:51 / 2026-09-14T15:11:51 / 2026-09-14T15:27:02
======================
=== Quota infos ======
    Path                 Used     SoftQ    HardQ    Gracetime  Filec    FileQ    FiHaQ    FileGrace    
!!! /home/hpc             170.8G   104.9G   209.7G  -28994days     128K     500K   1,000K        N/A !!!
======================
=== GPU utilization ==
gpu_name, gpu_bus_id, pid, gpu_utilization [%], mem_utilization [%], max_memory_usage [MiB], time [ms]
NVIDIA H100, 00000000:C6:00.0, 119391, 23 %, 11 %, 2772 MiB, 740564 ms
